Archive member included to satisfy reference by file (symbol)

IP/libIP_d.a(IP_Core.o)       Output/SES/STM32F746-DISCO_Eval_IP_over_USB_Webserver_Debug/Obj/IP_WebserverSample.o (IP_AddMemory)
IP/libIP_d.a(IP_DHCPC.o)      Output/SES/STM32F746-DISCO_Eval_IP_over_USB_Webserver_Debug/Obj/Webserver_DynContent.o (IP_DHCPC_Activate)
IP/libIP_d.a(IP_DHCPS.o)      Output/SES/STM32F746-DISCO_Eval_IP_over_USB_Webserver_Debug/Obj/IP_Config_IP_over_USB.o (IP_DHCPS_ConfigPool_Delayed)
IP/libIP_d.a(IP_DISCOVER.o)   Output/SES/STM32F746-DISCO_Eval_IP_over_USB_Webserver_Debug/Obj/IP_Config_IP_over_USB.o (IP_MDNS_SERVER_Start_Delayed)
IP/libIP_d.a(IP_DNSC.o)       IP/libIP_d.a(IP_DISCOVER.o) (IP_MDNS_DispatchOpen)
IP/libIP_d.a(IP_ETH.o)        IP/libIP_d.a(IP_Core.o) (IP_ETH_Add2RxFIFO)
IP/libIP_d.a(IP_FIFO.o)       IP/libIP_d.a(IP_Core.o) (IP_FIFO_Add)
IP/libIP_d.a(IP_ICMP.o)       Output/SES/STM32F746-DISCO_Eval_IP_over_USB_Webserver_Debug/Obj/IP_Config_IP_over_USB.o (IP_ICMP_Add)
IP/libIP_d.a(IP_IGMP.o)       IP/libIP_d.a(IP_DISCOVER.o) (IP_IGMP_AddEx_NoLock)
IP/libIP_d.a(IP_IP.o)         IP/libIP_d.a(IP_ICMP.o) (IP_IsBroadcast)
IP/libIP_d.a(IP_Log.o)        Output/SES/STM32F746-DISCO_Eval_IP_over_USB_Webserver_Debug/Obj/IP_Config_IP_over_USB.o (IP_SetLogFilter)
IP/libIP_d.a(IP_MBLOCK.o)     IP/libIP_d.a(IP_Core.o) (IP_MBLOCK_Init)
IP/libIP_d.a(IP_MEM.o)        IP/libIP_d.a(IP_DHCPS.o) (IP_MEM_Alloc)
IP/libIP_d.a(IP_PHY.o)        IP/libIP_d.a(IP_Core.o) (IP_PHY_Init)
IP/libIP_d.a(IP_Packet.o)     IP/libIP_d.a(IP_ETH.o) (IP_PACKET_Alloc_NoLock)
IP/libIP_d.a(IP_Socket.o)     Output/SES/STM32F746-DISCO_Eval_IP_over_USB_Webserver_Debug/Obj/IP_WebserverSample.o (IP_SOCK_accept)
IP/libIP_d.a(IP_TCP.o)        Output/SES/STM32F746-DISCO_Eval_IP_over_USB_Webserver_Debug/Obj/Webserver_DynContent.o (IP_INFO_GetConnectionList)
IP/libIP_d.a(IP_TCP_Generic.o)
                              IP/libIP_d.a(IP_Core.o) (IP_TCP_Global)
IP/libIP_d.a(IP_TCP_Rx.o)     IP/libIP_d.a(IP_TCP_Generic.o) (IPv4_TCP_OnRx)
IP/libIP_d.a(IP_TCP_Sock.o)   IP/libIP_d.a(IP_TCP_Rx.o) (IP_TCP_PCB_lookup)
IP/libIP_d.a(IP_TCP_Timer.o)  IP/libIP_d.a(IP_TCP_Rx.o) (IP_TCP_SetRetransDelay)
IP/libIP_d.a(IP_TCP_Tx.o)     IP/libIP_d.a(IP_TCP_Generic.o) (IP_TCP_Output)
IP/libIP_d.a(IP_TCP_ZeroCopy.o)
                              IP/libIP_d.a(IP_TCP_Rx.o) (IP_TCP_DataUpcall)
IP/libIP_d.a(IP_UDP.o)        Output/SES/STM32F746-DISCO_Eval_IP_over_USB_Webserver_Debug/Obj/IP_WebserverSample.o (IP_UDP_GetSrcAddr)
IP/libIP_d.a(IP_UDP_Generic.o)
                              Output/SES/STM32F746-DISCO_Eval_IP_over_USB_Webserver_Debug/Obj/IP_Config_IP_over_USB.o (IP_UDP_Add)
IP/libIP_d.a(IP_UDP_Sock.o)   IP/libIP_d.a(IP_UDP_Generic.o) (IP_UDP_Api)
IP/libIP_d.a(IP_Util.o)       IP/libIP_d.a(IP_UDP_Generic.o) (IP_DLIST_IsItem)
IP/libIP_d.a(IP_Webserver.o)  Output/SES/STM32F746-DISCO_Eval_IP_over_USB_Webserver_Debug/Obj/Webserver_DynContent.o (IP_WEBS_GetNumParas)
IP/libIP_d.a(CM_IP_cksum.o)   IP/libIP_d.a(IP_Core.o) (CM_IP_cksum)
IP/libIP_d.a(IP_ARP.o)        IP/libIP_d.a(IP_ETH.o) (IP_ARP_OnRx)
IP/libIP_d.a(IP_CACHE.o)      IP/libIP_d.a(IP_MEM.o) (IP_CACHE_Clean)
IP/libIP_d.a(IP_SOCKBUF.o)    IP/libIP_d.a(IP_TCP_Sock.o) (IP_SOCKBUF_AddData)
IP/libIP_d.a(IP_TCP_SOCK_Generic.o)
                              IP/libIP_d.a(IP_TCP_Sock.o) (IP_TCP_SOCK_Abort)
IP/libIP_d.a(IP_UTIL_Base64.o)
                              IP/libIP_d.a(IP_Webserver.o) (IP_UTIL_BASE64_Decode)
OS/libOS_d.a(OS_Global.o)     Output/SES/STM32F746-DISCO_Eval_IP_over_USB_Webserver_Debug/Obj/Main.o (OS_Running)
OS/libOS_d.a(OS_Info.o)       Output/SES/STM32F746-DISCO_Eval_IP_over_USB_Webserver_Debug/Obj/Main.o (OS_INFO_GetVersion)
OS/libOS_d.a(OS_Kern.o)       OS/libOS_d.a(OS_Info.o) (OS_AssertCPUNotInIllegalState)
OS/libOS_d.a(OS_LowPower.o)   OS/libOS_d.a(OS_Kern.o) (OS_LowPower_InitVars)
OS/libOS_d.a(OS_SysTick.o)    OS/libOS_d.a(OS_LowPower.o) (_OS_TimeFractPerInt)
OS/libOS_d.a(OS_Task.o)       Output/SES/STM32F746-DISCO_Eval_IP_over_USB_Webserver_Debug/Obj/Main.o (OS_TASK_Create_DP)
OS/libOS_d.a(OS_Timing.o)     OS/libOS_d.a(OS_Kern.o) (OS__TIME_GetCycles)
OS/libOS_d.a(OS_ARMv7M_Init.o)
                              OS/libOS_d.a(OS_Kern.o) (OS_ARMv7M_Init)
OS/libOS_d.a(OS_GetCPUState.o)
                              OS/libOS_d.a(OS_Info.o) (OS_GetCPUState)
OS/libOS_d.a(OS_StackInfo.o)  Output/SES/STM32F746-DISCO_Eval_IP_over_USB_Webserver_Debug/Obj/Webserver_DynContent.o (OS_STACK_GetSysStackBase)
OS/libOS_d.a(OS_TLS.o)        OS/libOS_d.a(OS_Task.o) (OS_TLS_Delete)
OS/libOS_d.a(RTOS.o)          Output/SES/STM32F746-DISCO_Eval_IP_over_USB_Webserver_Debug/Obj/Main.o (OS_StartASM)
OS/libOS_d.a(OS_Alloc.o)      OS/libOS_d.a(OS_Kern.o) (OS_Alloc_InitVars)
OS/libOS_d.a(OS_Com.o)        OS/libOS_d.a(OS_Task.o) (OS_COM_pTask)
OS/libOS_d.a(OS_Mutex.o)      OS/libOS_d.a(OS_Alloc.o) (OS_MUTEX_Create)
OS/libOS_d.a(OS_ARMv7M_ISRCheckPrio.o)
[...]
Memory Configuration

Name             Origin             Length             Attributes
UNPLACED_SECTIONS 0x0000000100000000 0x0000000000000000 xw
SDRAM            0x00000000c0000000 0x0000000000800000 xw
RAM              0x0000000020000000 0x0000000000010000 xw
FLASH            0x0000000008000000 0x0000000000100000 xr
FLASH2           0x0000000000200000 0x0000000000100000 xr
RAM2             0x0000000020010000 0x0000000000040000 xw
*default*        0x0000000000000000 0xffffffffffffffff

Linker script and memory map

                0x0000000000000000                __SEGGER_RTL_vfprintf = __SEGGER_RTL_vfprintf_int_nwp
                0x0000000000000000                __SEGGER_RTL_vfscanf = __SEGGER_RTL_vfscanf_int
                0x00000000c0000000                __SDRAM_segment_start__ = 0xc0000000
                0x00000000c0800000                __SDRAM_segment_end__ = 0xc0800000
                0x0000000000800000                __SDRAM_segment_size__ = 0x800000
                0x0000000020000000                __RAM_segment_start__ = 0x20000000
                0x0000000020010000                __RAM_segment_end__ = 0x20010000
                0x0000000000010000                __RAM_segment_size__ = 0x10000
                0x0000000008000000                __FLASH_segment_start__ = 0x8000000
                0x0000000008100000                __FLASH_segment_end__ = 0x8100000
                0x0000000000100000                __FLASH_segment_size__ = 0x100000
                0x0000000000200000                __FLASH2_segment_start__ = 0x200000
                0x0000000000300000                __FLASH2_segment_end__ = 0x300000
                0x0000000000100000                __FLASH2_segment_size__ = 0x100000
                0x0000000020010000                __RAM2_segment_start__ = 0x20010000
                0x0000000020050000                __RAM2_segment_end__ = 0x20050000
                0x0000000000040000                __RAM2_segment_size__ = 0x40000
                0x0000000000000100                __HEAPSIZE__ = 0x100
                0x0000000000000000                __STACKSIZE_PROCESS__ = 0x0
                0x0000000000000400                __STACKSIZE__ = 0x400
                0x00000000c0000000                __GUI_RAM_load_start__ = ALIGN (__SDRAM_segment_start__, 0x4)

.GUI_RAM        0x00000000c0000000        0x0
                0x00000000c0000000                __GUI_RAM_start__ = .
 *(.GUI_RAM .GUI_RAM.*)
                0x00000000c0000000                __GUI_RAM_end__ = (__GUI_RAM_start__ + SIZEOF (.GUI_RAM))
                0x0000000000000000                __GUI_RAM_size__ = SIZEOF (.GUI_RAM)
                0x00000000c0000000                __GUI_RAM_load_end__ = __GUI_RAM_end__
                0x00000000c0000000                __SDRAM_segment_used_end__ = (ALIGN (__SDRAM_segment_start__, 0x4) + SIZEOF (.GUI_RAM))
                0x0000000000000000                __SDRAM_segment_used_size__ = (__SDRAM_segment_used_end__ - __SDRAM_segment_start__)
                0x0000000000000001                . = ASSERT (((__GUI_RAM_start__ == __GUI_RAM_end__) || ((__GUI_RAM_end__ - __SDRAM_segment_start__) <= __SDRAM_segment_size__)), error: .GUI_RAM is too large to fit in SDRAM memory segment)
                0x0000000000200000                __text2_load_start__ = ALIGN (__FLASH2_segment_start__, 0x4)

.text2          0x0000000000200000        0x0
                0x0000000000200000                __text2_start__ = .
 *(.text2 .text2.*)
                0x0000000000200000                __text2_end__ = (__text2_start__ + SIZEOF (.text2))
                0x0000000000000000                __text2_size__ = SIZEOF (.text2)
                0x0000000000200000                __text2_load_end__ = __text2_end__
                0x0000000000000001                . = ASSERT (((__text2_start__ == __text2_end__) || ((__text2_end__ - __FLASH2_segment_start__) <= __FLASH2_segment_size__)), error: .text2 is too large to fit in FLASH2 memory segment)
                0x0000000000200000                __rodata2_load_start__ = ALIGN (__text2_end__, 0x4)

.rodata2        0x0000000000200000        0x0
                0x0000000000200000                __rodata2_start__ = .
 *(.rodata2 .rodata2.*)
                0x0000000000200000                __rodata2_end__ = (__rodata2_start__ + SIZEOF (.rodata2))
                0x0000000000000000                __rodata2_size__ = SIZEOF (.rodata2)
                0x0000000000200000                __rodata2_load_end__ = __rodata2_end__
                0x0000000000000001                . = ASSERT (((__rodata2_start__ == __rodata2_end__) || ((__rodata2_end__ - __FLASH2_segment_start__) <= __FLASH2_segment_size__)), error: .rodata2 is too large to fit in FLASH2 memory segment)
                0x0000000000200000                __data2_load_start__ = ALIGN (__rodata2_end__, 0x4)

.data2          0x0000000020010000        0x0 load address 0x0000000000200000
                0x0000000020010000                __data2_start__ = .
 *(.data2 .data2.*)
                0x0000000020010000                __data2_end__ = (__data2_start__ + SIZEOF (.data2))
                0x0000000000000000                __data2_size__ = SIZEOF (.data2)
                0x0000000000200000                __data2_load_end__ = (__data2_load_start__ + SIZEOF (.data2))
                0x0000000000200000                __FLASH2_segment_used_end__ = (ALIGN (__rodata2_end__, 0x4) + SIZEOF (.data2))
                0x0000000000000000                __FLASH2_segment_used_size__ = (__FLASH2_segment_used_end__ - __FLASH2_segment_start__)
                0x0000000000000001                . = ASSERT (((__data2_load_start__ == __data2_load_end__) || ((__data2_load_end__ - __FLASH2_segment_start__) <= __FLASH2_segment_size__)), error: .data2 is too large to fit in FLASH2 memory segment)

.data2_run      0x0000000020010000        0x0
                0x0000000020010000                __data2_run_start__ = .
                0x0000000020010000                __data2_run_end__ = (__data2_run_start__ + SIZEOF (.data2))
                0x0000000000000000                __data2_run_size__ = (__data2_run_end__ - __data2_run_start__)
                0x0000000020010000                __data2_run_load_end__ = __data2_run_end__
                0x0000000000000001                . = ASSERT (((__data2_run_start__ == __data2_run_end__) || ((__data2_run_end__ - __RAM2_segment_start__) <= __RAM2_segment_size__)), error: .data2_run is too large to fit in RAM2 memory segment)
                0x0000000020010000                __bss_load_start__ = ALIGN (__data2_run_end__, 0x4)

.bss            0x0000000020010000     0xd5cc
                0x0000000020010000                __bss_start__ = .
 *(.bss .bss.* .gnu.linkonce.b.*)
 .bss.Stack0    0x0000000020010000     0x1000 Output/SES/STM32F746-DISCO_Eval_IP_over_USB_Webserver_Debug/Obj/Main.o
 .bss.TCB0      0x0000000020011000       0x5c Output/SES/STM32F746-DISCO_Eval_IP_over_USB_Webserver_Debug/Obj/Main.o
 .bss.SEGGER_SYSVIEW_TickCnt
                0x000000002001105c        0x4 Output/SES/STM32F746-DISCO_Eval_IP_over_USB_Webserver_Debug/Obj/Main.o
                0x000000002001105c                SEGGER_SYSVIEW_TickCnt
 .bss._pFirstFileHook
                0x0000000020011060        0x4 Output/SES/STM32F746-DISCO_Eval_IP_over_USB_Webserver_Debug/Obj/IP_FS_ReadOnly.o
 .bss._aPool    0x0000000020011064     0x1400 Output/SES/STM32F746-DISCO_Eval_IP_over_USB_Webserver_Debug/Obj/IP_WebserverSample.o
 .bss._StateChangeHook
                0x0000000020012464        0x8 Output/SES/STM32F746-DISCO_Eval_IP_over_USB_Webserver_Debug/Obj/IP_WebserverSample.o
 .bss._IFaceId  0x000000002001246c        0x4 Output/SES/STM32F746-DISCO_Eval_IP_over_USB_Webserver_Debug/Obj/IP_WebserverSample.o
 .bss._ConnectCnt
                0x0000000020012470        0x4 Output/SES/STM32F746-DISCO_Eval_IP_over_USB_Webserver_Debug/Obj/IP_WebserverSample.o
 .bss._IPStack  0x0000000020012474      0x800 Output/SES/STM32F746-DISCO_Eval_IP_over_USB_Webserver_Debug/Obj/IP_WebserverSample.o
 .bss._IPTCB    0x0000000020012c74       0x5c Output/SES/STM32F746-DISCO_Eval_IP_over_USB_Webserver_Debug/Obj/IP_WebserverSample.o
 .bss._aWebTasks
                0x0000000020012cd0       0xb8 Output/SES/STM32F746-DISCO_Eval_IP_over_USB_Webserver_Debug/Obj/IP_WebserverSample.o
 .bss._aWebStacks
                0x0000000020012d88     0x1930 Output/SES/STM32F746-DISCO_Eval_IP_over_USB_Webserver_Debug/Obj/IP_WebserverSample.o
 .bss._pFS_API  0x00000000200146b8        0x4 Output/SES/STM32F746-DISCO_Eval_IP_over_USB_Webserver_Debug/Obj/IP_WebserverSample.o
 .bss._Cnt      0x00000000200146bc        0x4 Output/SES/STM32F746-DISCO_Eval_IP_over_USB_Webserver_Debug/Obj/Webserver_DynContent.o
 .bss._aLEDState
                0x00000000200146c0        0x8 Output/SES/STM32F746-DISCO_Eval_IP_over_USB_Webserver_Debug/Obj/Webserver_DynContent.o
 .bss._aLEDStateNew
                0x00000000200146c8        0x8 Output/SES/STM32F746-DISCO_Eval_IP_over_USB_Webserver_Debug/Obj/Webserver_DynContent.o
 .bss._acFirstName
                0x00000000200146d0        0xc Output/SES/STM32F746-DISCO_Eval_IP_over_USB_Webserver_Debug/Obj/Webserver_DynContent.o
 .bss._acLastName
                0x00000000200146dc        0xc Output/SES/STM32F746-DISCO_Eval_IP_over_USB_Webserver_Debug/Obj/Webserver_DynContent.o
 .bss._DHCPOnOff
                0x00000000200146e8        0x1 Output/SES/STM32F746-DISCO_Eval_IP_over_USB_Webserver_Debug/Obj/Webserver_DynContent.o
 *fill*         0x00000000200146e9        0x3 
 .bss._IPAddr   0x00000000200146ec        0x4 Output/SES/STM32F746-DISCO_Eval_IP_over_USB_Webserver_Debug/Obj/Webserver_DynContent.o
 .bss._IPMask   0x00000000200146f0        0x4 Output/SES/STM32F746-DISCO_Eval_IP_over_USB_Webserver_Debug/Obj/Webserver_DynContent.o
 .bss._IPGW     0x00000000200146f4        0x4 Output/SES/STM32F746-DISCO_Eval_IP_over_USB_Webserver_Debug/Obj/Webserver_DynContent.o
 .bss._MethodHook
                0x00000000200146f8        0xc Output/SES/STM32F746-DISCO_Eval_IP_over_USB_Webserver_Debug/Obj/Webserver_DynContent.o
 .bss._acRestContent
                0x0000000020014704       0x14 Output/SES/STM32F746-DISCO_Eval_IP_over_USB_Webserver_Debug/Obj/Webserver_DynContent.o
 .bss._PreContentOutputHook
                0x0000000020014718        0x8 Output/SES/STM32F746-DISCO_Eval_IP_over_USB_Webserver_Debug/Obj/Webserver_DynContent.o
 .bss._ProgressHook
                0x0000000020014720        0x8 Output/SES/STM32F746-DISCO_Eval_IP_over_USB_Webserver_Debug/Obj/Webserver_DynContent.o
 .bss._abReceiveBuffer
                0x0000000020014728      0x600 Output/SES/STM32F746-DISCO_Eval_IP_over_USB_Webserver_Debug/Obj/IP_Config_IP_over_USB.o
 .bss._aPool    0x0000000020014d28     0x6000 Output/SES/STM32F746-DISCO_Eval_IP_over_USB_Webserver_Debug/Obj/IP_Config_IP_over_USB.o
 .bss._IFaceId  0x000000002001ad28        0x4 Output/SES/STM32F746-DISCO_Eval_IP_over_USB_Webserver_Debug/Obj/IP_Config_IP_over_USB.o
 .bss._Hook     0x000000002001ad2c        0x8 Output/SES/STM32F746-DISCO_Eval_IP_over_USB_Webserver_Debug/Obj/IP_Config_IP_over_USB.o
 .bss._DNSConfig
                0x000000002001ad34       0x10 Output/SES/STM32F746-DISCO_Eval_IP_over_USB_Webserver_Debug/Obj/IP_Config_IP_over_USB.o
 .bss._aIPExecDelayed
                0x000000002001ad44       0xb4 Output/SES/STM32F746-DISCO_Eval_IP_over_USB_Webserver_Debug/Obj/IP_Config_IP_over_USB.o
 .bss._DNSServer
                0x000000002001adf8        0x4 Output/SES/STM32F746-DISCO_Eval_IP_over_USB_Webserver_Debug/Obj/IP_Config_IP_over_USB.o
 .bss._SetAddrMaskExPara
                0x000000002001adfc        0xc Output/SES/STM32F746-DISCO_Eval_IP_over_USB_Webserver_Debug/Obj/IP_Config_IP_over_USB.o
 .bss._DHCPS_ConfigPoolPara
                0x000000002001ae08       0x10 Output/SES/STM32F746-DISCO_Eval_IP_over_USB_Webserver_Debug/Obj/IP_Config_IP_over_USB.o
 .bss._DHCPS_ConfigDNSAddPara
                0x000000002001ae18        0xc Output/SES/STM32F746-DISCO_Eval_IP_over_USB_Webserver_Debug/Obj/IP_Config_IP_over_USB.o
 .bss._EPBufferPool
                0x000000002001ae24     0x1000 Output/SES/STM32F746-DISCO_Eval_IP_over_USB_Webserver_Debug/Obj/USB_Config_ST_STM32F746G-DSCO_OTG-HS.o
 .bss.IP_Debug  0x000000002001be24       0x28 IP/libIP_d.a(IP_Core.o)
                0x000000002001be24                IP_Debug
 .bss.IP_Global
                0x000000002001be4c      0x198 IP/libIP_d.a(IP_Core.o)
                0x000000002001be4c                IP_Global
 .bss.IP_Stat   0x000000002001bfe4       0x14 IP/libIP_d.a(IP_Core.o)
                0x000000002001bfe4                IP_Stat
 .bss.IP_UDP_Global
                0x000000002001bff8       0x18 IP/libIP_d.a(IP_Core.o)
                0x000000002001bff8                IP_UDP_Global
 .bss.IP_UDP_Stat
                0x000000002001c010       0x14 IP/libIP_d.a(IP_Core.o)
                0x000000002001c010                IP_UDP_Stat
 .bss.IP_ARP_Static
                0x000000002001c024       0x34 IP/libIP_d.a(IP_Core.o)
                0x000000002001c024                IP_ARP_Static
 .bss._Static   0x000000002001c058       0x2c IP/libIP_d.a(IP_Core.o)
 .bss._DHCPC_Static
                0x000000002001c084       0x30 IP/libIP_d.a(IP_DHCPC.o)
 .bss._OnExitCB
                0x000000002001c0b4        0x8 IP/libIP_d.a(IP_DHCPC.o)
 .bss._DHCPS_Static
                0x000000002001c0bc       0x10 IP/libIP_d.a(IP_DHCPS.o)
 .bss._OnExitCB
                0x000000002001c0cc        0x8 IP/libIP_d.a(IP_DHCPS.o)
 .bss._pmDNSConfig
                0x000000002001c0d4        0x4 IP/libIP_d.a(IP_DISCOVER.o)
 .bss._pFakeDNSConfig
                0x000000002001c0d8        0x4 IP/libIP_d.a(IP_DISCOVER.o)
 .bss._pDnsConIPv4
                0x000000002001c0dc        0x4 IP/libIP_d.a(IP_DISCOVER.o)
 .bss._IPv4Hook
                0x000000002001c0e0       0x14 IP/libIP_d.a(IP_DISCOVER.o)
 .bss._Static   0x000000002001c0f4       0x6c IP/libIP_d.a(IP_DNSC.o)
 .bss._IPv4Dispatcher
                0x000000002001c160        0x4 IP/libIP_d.a(IP_DNSC.o)
 .bss._pConnDispatcherV4
                0x000000002001c164        0x4 IP/libIP_d.a(IP_DNSC.o)
 .bss._OnExitCB
                0x000000002001c168        0x8 IP/libIP_d.a(IP_ETH.o)
 .bss.IP_ETH_Stat
                0x000000002001c170        0x8 IP/libIP_d.a(IP_ETH.o)
                0x000000002001c170                IP_ETH_Stat
 .bss.IP_ETH_Static
                0x000000002001c178       0x1c IP/libIP_d.a(IP_ETH.o)
                0x000000002001c178                IP_ETH_Static
 .bss._ReentranceCnt.8929
                0x000000002001c194        0x4 IP/libIP_d.a(IP_ETH.o)
 .bss._pfOnRx   0x000000002001c198        0x4 IP/libIP_d.a(IP_ICMP.o)
 .bss._pRequests
                0x000000002001c19c        0x4 IP/libIP_d.a(IP_ICMP.o)
 .bss._GlobalSeqNum
                0x000000002001c1a0        0x2 IP/libIP_d.a(IP_ICMP.o)
 *fill*         0x000000002001c1a2        0x2 
 .bss._Static   0x000000002001c1a4        0x2 IP/libIP_d.a(IP_IGMP.o)
 *fill*         0x000000002001c1a6        0x2 
 .bss._OnExitCB
                0x000000002001c1a8        0x8 IP/libIP_d.a(IP_IGMP.o)
 .bss.IP_MEM_Info
                0x000000002001c1b0       0x10 IP/libIP_d.a(IP_MEM.o)
                0x000000002001c1b0                IP_MEM_Info
 .bss._PHY_Static
                0x000000002001c1c0        0xc IP/libIP_d.a(IP_PHY.o)
 .bss._OnExitCB
                0x000000002001c1cc        0x8 IP/libIP_d.a(IP_PHY.o)
 .bss._OnExitCB
                0x000000002001c1d4        0x8 IP/libIP_d.a(IP_Packet.o)
 .bss._PACKET_Static
                0x000000002001c1dc        0x8 IP/libIP_d.a(IP_Packet.o)
 .bss._pRawProto
                0x000000002001c1e4        0x4 IP/libIP_d.a(IP_Socket.o)
 .bss.IP_TCP_Global
                0x000000002001c1e8       0x34 IP/libIP_d.a(IP_TCP_Generic.o)
                0x000000002001c1e8                IP_TCP_Global
 .bss.IP_TCP_Stat
                0x000000002001c21c       0x10 IP/libIP_d.a(IP_TCP_Generic.o)
                0x000000002001c21c                IP_TCP_Stat
 .bss._OnExitCB
                0x000000002001c22c        0x8 IP/libIP_d.a(IP_TCP_Generic.o)
 .bss._IsInitialized
                0x000000002001c234        0x1 IP/libIP_d.a(IP_TCP_Generic.o)
 *fill*         0x000000002001c235        0x3 
 .bss._OnExitCB
                0x000000002001c238        0x8 IP/libIP_d.a(IP_UDP_Generic.o)
 .bss._OnRxHook
                0x000000002001c240        0x8 IP/libIP_d.a(IP_UDP_Generic.o)
 .bss._IsInitialized
                0x000000002001c248        0x1 IP/libIP_d.a(IP_UDP_Generic.o)
 *fill*         0x000000002001c249        0x3 
 .bss._Static   0x000000002001c24c       0x68 IP/libIP_d.a(IP_Webserver.o)
 .bss.IP_ARP_Stat
                0x000000002001c2b4       0x18 IP/libIP_d.a(IP_ARP.o)
                0x000000002001c2b4                IP_ARP_Stat
 .bss._OnExitCB
                0x000000002001c2cc        0x8 IP/libIP_d.a(IP_ARP.o)
 .bss._CacheConfig
                0x000000002001c2d4       0x10 IP/libIP_d.a(IP_CACHE.o)
 .bss.OS_Status
                0x000000002001c2e4        0x1 OS/libOS_d.a(OS_Global.o)
                0x000000002001c2e4                OS_Status
 .bss.OS_Running
                0x000000002001c2e5        0x1 OS/libOS_d.a(OS_Global.o)
                0x000000002001c2e5                OS_Running
 .bss.OS_InitialSuspendCnt
                0x000000002001c2e6        0x1 OS/libOS_d.a(OS_Global.o)
                0x000000002001c2e6                OS_InitialSuspendCnt
 *fill*         0x000000002001c2e7        0x1 
 .bss.OS_pMutexRoot
                0x000000002001c2e8        0x4 OS/libOS_d.a(OS_Global.o)
                0x000000002001c2e8                OS_pMutexRoot
 .bss.OS_pTickHookRoot
                0x000000002001c2ec        0x4 OS/libOS_d.a(OS_Global.o)
                0x000000002001c2ec                OS_pTickHookRoot
 .bss.OS_pMainContext
                0x000000002001c2f0        0x4 OS/libOS_d.a(OS_Global.o)
                0x000000002001c2f0                OS_pMainContext
 .bss.OS_pfTaskStartHook
                0x000000002001c2f4        0x4 OS/libOS_d.a(OS_Global.o)
                0x000000002001c2f4                OS_pfTaskStartHook
 .bss.OS_TickStep
                0x000000002001c2f8        0x1 OS/libOS_d.a(OS_Global.o)
                0x000000002001c2f8                OS_TickStep
 *fill*         0x000000002001c2f9        0x3 
 .bss.OS_TickStepTime
                0x000000002001c2fc        0x4 OS/libOS_d.a(OS_Global.o)
                0x000000002001c2fc                OS_TickStepTime
 .bss.OS_pDefaultTaskContextExtension
                0x000000002001c300        0x4 OS/libOS_d.a(OS_Global.o)
                0x000000002001c300                OS_pDefaultTaskContextExtension
 .bss.OS_TS_ExecStart
                0x000000002001c304        0x4 OS/libOS_d.a(OS_Global.o)
                0x000000002001c304                OS_TS_ExecStart
 .bss.OS_pTLS   0x000000002001c308        0x4 OS/libOS_d.a(OS_Global.o)
                0x000000002001c308                OS_pTLS
 .bss.OS_InTimer
                0x000000002001c30c        0x1 OS/libOS_d.a(OS_Global.o)
                0x000000002001c30c                OS_InTimer
 .bss.OS_InitCalled
                0x000000002001c30d        0x1 OS/libOS_d.a(OS_Global.o)
                0x000000002001c30d                OS_InitCalled
 *fill*         0x000000002001c30e        0x2 
 .bss.OS_pMailboxRoot
                0x000000002001c310        0x4 OS/libOS_d.a(OS_Global.o)
                0x000000002001c310                OS_pMailboxRoot
 .bss.OS_pEventRoot
                0x000000002001c314        0x4 OS/libOS_d.a(OS_Global.o)
                0x000000002001c314                OS_pEventRoot
 .bss.OS_SysTimer_Settings
                0x000000002001c318       0x20 OS/libOS_d.a(OS_Global.o)
                0x000000002001c318                OS_SysTimer_Settings
 .bss.OS_Global
                0x000000002001c338       0x48 OS/libOS_d.a(OS_Global.o)
                0x000000002001c338                OS_Global
 .bss.OS_sCopyright
                0x000000002001c380        0x4 OS/libOS_d.a(OS_Global.o)
                0x000000002001c380                OS_sCopyright
 .bss._OS_ProfilingExTime
                0x000000002001c384        0x4 OS/libOS_d.a(OS_Kern.o)
 .bss._OS_pTerminateHookRoot
                0x000000002001c388        0x4 OS/libOS_d.a(OS_Task.o)
 .bss.OS_pfOnTerminate
                0x000000002001c38c        0x4 OS/libOS_d.a(OS_Task.o)
                0x000000002001c38c                OS_pfOnTerminate
 .bss.OS_COM_pTask
                0x000000002001c390        0x4 OS/libOS_d.a(OS_Com.o)
                0x000000002001c390                OS_COM_pTask
 .bss._pTCPWait
                0x000000002001c394        0x4 Output/SES/STM32F746-DISCO_Eval_IP_over_USB_Webserver_Debug/Obj/IP_OS_embOS.o
 .bss._IsInited
                0x000000002001c398        0x1 Output/SES/STM32F746-DISCO_Eval_IP_over_USB_Webserver_Debug/Obj/IP_OS_embOS.o
 *fill*         0x000000002001c399        0x3 
 .bss._OnTerminateTaskHook
                0x000000002001c39c        0x8 Output/SES/STM32F746-DISCO_Eval_IP_over_USB_Webserver_Debug/Obj/IP_OS_embOS.o
 .bss._OnExitCB
                0x000000002001c3a4        0x8 Output/SES/STM32F746-DISCO_Eval_IP_over_USB_Webserver_Debug/Obj/IP_OS_embOS.o
 .bss.IP_OS_RSema
                0x000000002001c3ac       0x14 Output/SES/STM32F746-DISCO_Eval_IP_over_USB_Webserver_Debug/Obj/IP_OS_embOS.o
                0x000000002001c3ac                IP_OS_RSema
 .bss.IP_OS_EventRx
                0x000000002001c3c0       0x14 Output/SES/STM32F746-DISCO_Eval_IP_over_USB_Webserver_Debug/Obj/IP_OS_embOS.o
                0x000000002001c3c0                IP_OS_EventRx
 .bss.IP_OS_EventWiFi
                0x000000002001c3d4       0x14 Output/SES/STM32F746-DISCO_Eval_IP_over_USB_Webserver_Debug/Obj/IP_OS_embOS.o
                0x000000002001c3d4                IP_OS_EventWiFi
 .bss.IP_OS_pIPTask
                0x000000002001c3e8        0x4 Output/SES/STM32F746-DISCO_Eval_IP_over_USB_Webserver_Debug/Obj/IP_OS_embOS.o
                0x000000002001c3e8                IP_OS_pIPTask
 .bss._aMailBox
                0x000000002001c3ec      0x100 Output/SES/STM32F746-DISCO_Eval_IP_over_USB_Webserver_Debug/Obj/USB_OS_embOS.o
 .bss._aMBBuffer
                0x000000002001c4ec       0x20 Output/SES/STM32F746-DISCO_Eval_IP_over_USB_Webserver_Debug/Obj/USB_OS_embOS.o
 .bss._SEGGER_RTT
                0x000000002001c50c       0xa8 Output/SES/STM32F746-DISCO_Eval_IP_over_USB_Webserver_Debug/Obj/SEGGER_RTT.o
                0x000000002001c50c                _SEGGER_RTT
 .bss._acUpBuffer
                0x000000002001c5b4      0x400 Output/SES/STM32F746-DISCO_Eval_IP_over_USB_Webserver_Debug/Obj/SEGGER_RTT.o
 .bss._acDownBuffer
                0x000000002001c9b4       0x10 Output/SES/STM32F746-DISCO_Eval_IP_over_USB_Webserver_Debug/Obj/SEGGER_RTT.o
 .bss._pFirstPrintfFormatter
                0x000000002001c9c4        0x4 Output/SES/STM32F746-DISCO_Eval_IP_over_USB_Webserver_Debug/Obj/SEGGER_snprintf.o
 .bss._Formatter_h
                0x000000002001c9c8        0xc Output/SES/STM32F746-DISCO_Eval_IP_over_USB_Webserver_Debug/Obj/SEGGER_snprintf_IP.o
 .bss._Formatter_i
                0x000000002001c9d4        0xc Output/SES/STM32F746-DISCO_Eval_IP_over_USB_Webserver_Debug/Obj/SEGGER_snprintf_IP.o
 .bss._Formatter_n
                0x000000002001c9e0        0xc Output/SES/STM32F746-DISCO_Eval_IP_over_USB_Webserver_Debug/Obj/SEGGER_snprintf_IP.o
 .bss._pfOTG_FSHandler
                0x000000002001c9ec        0x4 Output/SES/STM32F746-DISCO_Eval_IP_over_USB_Webserver_Debug/Obj/BSP_USB.o
 .bss._pfOTG_HSHandler
                0x000000002001c9f0        0x4 Output/SES/STM32F746-DISCO_Eval_IP_over_USB_Webserver_Debug/Obj/BSP_USB.o
 .bss._NumInstances
                0x000000002001c9f4        0x1 USBD/libUSBD_d.a(USB_Driver_IP_NI.o)
 .bss._IsInited
                0x000000002001c9f5        0x1 USBD/libUSBD_d.a(USB_Driver_IP_NI.o)
 *fill*         0x000000002001c9f6        0x2 
 .bss._aInst    0x000000002001c9f8       0x50 USBD/libUSBD_d.a(USB_Driver_IP_NI.o)
 .bss._PHY_Sel  0x000000002001ca48        0x1 USBD/libUSBD_d.a(USB_HW_ST_STM32F7xxHS.o)
 *fill*         0x000000002001ca49        0x3 
 .bss._aHWEndPointInfo
                0x000000002001ca4c       0x12 USBD/libUSBD_d.a(USB_HW_ST_STM32F7xxHS.o)
 *fill*         0x000000002001ca5e        0x2 
 .bss._aRXData  0x000000002001ca60       0xb4 USBD/libUSBD_d.a(USB_HW_ST_STM32F7xxHS.o)
 .bss._aTXData  0x000000002001cb14       0xb4 USBD/libUSBD_d.a(USB_HW_ST_STM32F7xxHS.o)
 .bss._NextEPBuffer
                0x000000002001cbc8        0x4 USBD/libUSBD_d.a(USB_HW_ST_STM32F7xxHS.o)
 .bss._FreeEPBuffer
                0x000000002001cbcc        0x4 USBD/libUSBD_d.a(USB_HW_ST_STM32F7xxHS.o)
 .bss._NeedSOFIntForISO
                0x000000002001cbd0        0x1 USBD/libUSBD_d.a(USB_HW_ST_STM32F7xxHS.o)
 *fill*         0x000000002001cbd1        0x3 
 .bss._aIADDesc
                0x000000002001cbd4        0xf USBD/libUSBD_d.a(USB_IAD.o)
 .bss._NumIADs  0x000000002001cbe3        0x1 USBD/libUSBD_d.a(USB_IAD.o)
 .bss._InitData
                0x000000002001cbe4       0x18 USBD/libUSBD_d.a(USB_IP.o)
 .bss._ControlInterfaceNum
                0x000000002001cbfc        0x1 USBD/libUSBD_d.a(USB_IP.o)
 .bss._DataInterfaceNum
                0x000000002001cbfd        0x1 USBD/libUSBD_d.a(USB_IP.o)
 .bss._iMACStringDesc
                0x000000002001cbfe        0x1 USBD/libUSBD_d.a(USB_IP.o)
 *fill*         0x000000002001cbff        0x1 
 .bss._Id       0x000000002001cc00        0x4 USBD/libUSBD_d.a(USB_IP.o)
 .bss._UseRNDIS
                0x000000002001cc04        0x4 USBD/libUSBD_d.a(USB_IP.o)
 .bss._EventCb  0x000000002001cc08        0xc USBD/libUSBD_d.a(USB_IP.o)
 .bss._Hook     0x000000002001cc14        0xc USBD/libUSBD_d.a(USB_IP.o)
 .bss._IsInited
                0x000000002001cc20        0x1 USBD/libUSBD_d.a(USB_IP.o)
 *fill*         0x000000002001cc21        0x3 
 .bss._aMsDesc  0x000000002001cc24       0x3c USBD/libUSBD_d.a(USB_MS_OSDesc.o)
 .bss._NumInterfaces
                0x000000002001cc60        0x1 USBD/libUSBD_d.a(USB_MS_OSDesc.o)
 .bss._IsInited
                0x000000002001cc61        0x1 USBD/libUSBD_d.a(USB_MS_OSDesc.o)
 *fill*         0x000000002001cc62        0x2 
 .bss.USB_aEPStat
                0x000000002001cc64      0x1c0 USBD/libUSBD_d.a(USB_Main.o)
                0x000000002001cc64                USB_aEPStat
 .bss.USB_Global
                0x000000002001ce24      0x16c USBD/libUSBD_d.a(USB_Main.o)
                0x000000002001ce24                USB_Global
 .bss.Dummy.6403
                0x000000002001cf90        0x1 USBD/libUSBD_d.a(USB_Main.o)
 *fill*         0x000000002001cf91        0x1 
 .bss._CommandLength
                0x000000002001cf92        0x2 USBD/libUSBD_d.a(USB_RNDIS.o)
 .bss._CommandOffset
                0x000000002001cf94        0x2 USBD/libUSBD_d.a(USB_RNDIS.o)
 *fill*         0x000000002001cf96        0x2 
 .bss._aCmdBuffer
                0x000000002001cf98       0x80 USBD/libUSBD_d.a(USB_RNDIS.o)
 .bss._aDataBuffer
                0x000000002001d018      0x200 USBD/libUSBD_d.a(USB_RNDIS.o)
 .bss._aDataBufferPacket
                0x000000002001d218      0x200 USBD/libUSBD_d.a(USB_RNDIS.o)
 .bss._LinkStatus
                0x000000002001d418        0x4 USBD/libUSBD_d.a(USB_RNDIS.o)
 .bss._Inst     0x000000002001d41c        0x8 USBD/libUSBD_d.a(USB_RNDIS.o)
 .bss._pDeviceInfo
                0x000000002001d424        0x4 USBD/libUSBD_d.a(USB_RNDIS.o)
 .bss._WasSuspended
                0x000000002001d428        0x1 USBD/libUSBD_d.a(USB_RNDIS.o)
 *fill*         0x000000002001d429        0x3 
 .bss._LastPacketFilter
                0x000000002001d42c        0x4 USBD/libUSBD_d.a(USB_RNDIS.o)
 .bss._Id       0x000000002001d430        0x4 USBD/libUSBD_d.a(USB_RNDIS.o)
 .bss._RxState  0x000000002001d434        0x1 USBD/libUSBD_d.a(USB_RNDIS.o)
 .bss._StartRx  0x000000002001d435        0x1 USBD/libUSBD_d.a(USB_RNDIS.o)
 .bss._IsInited
                0x000000002001d436        0x1 USBD/libUSBD_d.a(USB_RNDIS.o)
 *fill*         0x000000002001d437        0x1 
 .bss.acPacketHeaderBuffer.6886
                0x000000002001d438       0x2c USBD/libUSBD_d.a(USB_RNDIS.o)
 .bss.NumBytesRem.6885
                0x000000002001d464        0x4 USBD/libUSBD_d.a(USB_RNDIS.o)
 .bss.pBuffer.6883
                0x000000002001d468        0x4 USBD/libUSBD_d.a(USB_RNDIS.o)
 .bss.pData.6884
                0x000000002001d46c        0x4 USBD/libUSBD_d.a(USB_RNDIS.o)
 .bss._aDescBuffer
                0x000000002001d470      0x100 USBD/libUSBD_d.a(USB_Setup.o)
 .bss._aStatusNotify
                0x000000002001d570        0x8 USBD/libUSBD_d.a(USB_ECM.o)
 .bss._Id       0x000000002001d578        0x4 USBD/libUSBD_d.a(USB_ECM.o)
 .bss._aSpeedNotify
                0x000000002001d57c       0x10 USBD/libUSBD_d.a(USB_ECM.o)
 .bss._InitData
                0x000000002001d58c       0x18 USBD/libUSBD_d.a(USB_ECM.o)
 .bss._iMACStringDesc
                0x000000002001d5a4        0x1 USBD/libUSBD_d.a(USB_ECM.o)
 .bss._PacketFilterSet
                0x000000002001d5a5        0x1 USBD/libUSBD_d.a(USB_ECM.o)
 .bss._MaxPacketSize
                0x000000002001d5a6        0x2 USBD/libUSBD_d.a(USB_ECM.o)
 .bss._MTUSize  0x000000002001d5a8        0x2 USBD/libUSBD_d.a(USB_ECM.o)
 *fill*         0x000000002001d5aa        0x2 
 .bss._pIpBuffer
                0x000000002001d5ac        0x4 USBD/libUSBD_d.a(USB_ECM.o)
 .bss._NumBytesInIpBuffer
                0x000000002001d5b0        0x4 USBD/libUSBD_d.a(USB_ECM.o)
 .bss._IsInited
                0x000000002001d5b4        0x1 USBD/libUSBD_d.a(USB_ECM.o)
 *fill*         0x000000002001d5b5        0x3 
 .bss.sHWAddr.6707
                0x000000002001d5b8        0xd USBD/libUSBD_d.a(USB_ECM.o)
 *fill*         0x000000002001d5c5        0x3 
 .bss.__SEGGER_RTL_heap_globals
                0x000000002001d5c8        0x4 C:/Program Files/SEGGER/SEGGER Embedded Studio for ARM 6.20a/lib/heapops_basic_v7em_little.a(heapops_basic.o)
 *(COMMON)
                0x000000002001d5cc                __bss_end__ = (__bss_start__ + SIZEOF (.bss))
                0x000000000000d5cc                __bss_size__ = SIZEOF (.bss)
                0x000000002001d5cc                __bss_load_end__ = __bss_end__
                0x0000000000000001                . = ASSERT (((__bss_start__ == __bss_end__) || ((__bss_end__ - __RAM2_segment_start__) <= __RAM2_segment_size__)), error: .bss is too large to fit in RAM2 memory segment)
                0x000000002001d5cc                __bss2_load_start__ = ALIGN (__bss_end__, 0x4)

.bss2           0x000000002001d5cc        0x0
                0x000000002001d5cc                __bss2_start__ = .
 *(.bss2 .bss2.*)
                0x000000002001d5cc                __bss2_end__ = (__bss2_start__ + SIZEOF (.bss2))
                0x0000000000000000                __bss2_size__ = SIZEOF (.bss2)
                0x000000002001d5cc                __bss2_load_end__ = __bss2_end__
                0x0000000000000001                . = ASSERT (((__bss2_start__ == __bss2_end__) || ((__bss2_end__ - __RAM2_segment_start__) <= __RAM2_segment_size__)), error: .bss2 is too large to fit in RAM2 memory segment)
                0x000000002001d5cc                __USB_RAM_load_start__ = ALIGN (__bss2_end__, 0x4)

USB_RAM         0x000000002001d5cc        0x0
                0x000000002001d5cc                __USB_RAM_start__ = .
 *(USB_RAM USB_RAM.*)
                0x000000002001d5cc                __USB_RAM_end__ = (__USB_RAM_start__ + SIZEOF (USB_RAM))
                0x0000000000000000                __USB_RAM_size__ = SIZEOF (USB_RAM)
                0x000000002001d5cc                __USB_RAM_load_end__ = __USB_RAM_end__
                0x000000002001d5cc                __RAM2_segment_used_end__ = (ALIGN (__bss2_end__, 0x4) + SIZEOF (USB_RAM))
                0x000000000000d5cc                __RAM2_segment_used_size__ = (__RAM2_segment_used_end__ - __RAM2_segment_start__)
                0x0000000000000001                . = ASSERT (((__USB_RAM_start__ == __USB_RAM_end__) || ((__USB_RAM_end__ - __RAM2_segment_start__) <= __RAM2_segment_size__)), error: USB_RAM is too large to fit in RAM2 memory segment)
                0x0000000020000000                __vectors_ram_load_start__ = ALIGN (__RAM_segment_start__, 0x100)

.vectors_ram    0x0000000020000000        0x0
                0x0000000020000000                __vectors_ram_start__ = .
 *(.vectors_ram .vectors_ram.*)
                0x0000000020000000                __vectors_ram_end__ = (__vectors_ram_start__ + SIZEOF (.vectors_ram))
                0x0000000000000000                __vectors_ram_size__ = SIZEOF (.vectors_ram)
                0x0000000020000000                __vectors_ram_load_end__ = __vectors_ram_end__
                0x0000000000000001                . = ASSERT (((__vectors_ram_start__ == __vectors_ram_end__) || ((__vectors_ram_end__ - __RAM_segment_start__) <= __RAM_segment_size__)), error: .vectors_ram is too large to fit in RAM memory segment)
                0x0000000008000000                __vectors_load_start__ = ALIGN (__FLASH_segment_start__, 0x100)

.vectors        0x0000000008000000      0x1ac
                0x0000000008000000                __vectors_start__ = .
 *(.vectors .vectors.*)
 .vectors       0x0000000008000000      0x1ac Output/SES/STM32F746-DISCO_Eval_IP_over_USB_Webserver_Debug/Obj/STM32F7x_Vectors.o
                0x0000000008000000                _vectors
                0x00000000080001ac                __vectors_end__ = (__vectors_start__ + SIZEOF (.vectors))
                0x00000000000001ac                __vectors_size__ = SIZEOF (.vectors)
                0x00000000080001ac                __vectors_load_end__ = __vectors_end__
                0x0000000000000001                . = ASSERT (((__vectors_start__ == __vectors_end__) || ((__vectors_end__ - __FLASH_segment_start__) <= __FLASH_segment_size__)), error: .vectors is too large to fit in FLASH memory segment)
                0x00000000080001ac                __init_load_start__ = ALIGN (__vectors_end__, 0x4)

.init           0x00000000080001ac      0x230
                0x00000000080001ac                __init_start__ = .
 *(.init .init.*)
 .init          0x00000000080001ac       0xb0 Output/SES/STM32F746-DISCO_Eval_IP_over_USB_Webserver_Debug/Obj/STM32F7x_Vectors.o
                0x00000000080001ac                NMI_Handler
                0x00000000080001ae                HardFault_Handler
                0x00000000080001b0                MemManage_Handler
                0x00000000080001b2                BusFault_Handler
                0x00000000080001b4                UsageFault_Handler
                0x00000000080001b6                SVC_Handler
                0x00000000080001be                WWDG_IRQHandler
                0x00000000080001c0                TAMP_STAMP_IRQHandler
                0x00000000080001c2                RTC_WKUP_IRQHandler
                0x00000000080001c4                FLASH_IRQHandler
                0x00000000080001c6                RCC_IRQHandler
                0x00000000080001c8                EXTI0_IRQHandler
                0x00000000080001ca                EXTI1_IRQHandler
                0x00000000080001cc                EXTI2_IRQHandler
                0x00000000080001ce                EXTI3_IRQHandler
                0x00000000080001d0                EXTI4_IRQHandler
                0x00000000080001d2                DMA1_Stream0_IRQHandler
                0x00000000080001d4                DMA1_Stream1_IRQHandler
                0x00000000080001d6                DMA1_Stream2_IRQHandler
                0x00000000080001d8                DMA1_Stream3_IRQHandler
                0x00000000080001da                DMA1_Stream4_IRQHandler
                0x00000000080001dc                DMA1_Stream5_IRQHandler
                0x00000000080001de                DMA1_Stream6_IRQHandler
                0x00000000080001e0                ADC_IRQHandler
                0x00000000080001e2                CAN1_TX_IRQHandler
                0x00000000080001e4                CAN1_RX0_IRQHandler
                0x00000000080001e6                CAN1_RX1_IRQHandler
                0x00000000080001e8                CAN1_SCE_IRQHandler
                0x00000000080001ea                EXTI9_5_IRQHandler
                0x00000000080001ec                TIM1_BRK_TIM9_IRQHandler
                0x00000000080001ee                TIM1_TRG_COM_TIM11_IRQHandler
                0x00000000080001f0                TIM2_IRQHandler
                0x00000000080001f2                TIM3_IRQHandler
                0x00000000080001f4                TIM4_IRQHandler
                0x00000000080001f6                I2C1_EV_IRQHandler
                0x00000000080001f8                I2C1_ER_IRQHandler
                0x00000000080001fa                SPI1_IRQHandler
                0x00000000080001fc                SPI2_IRQHandler
                0x00000000080001fe                USART1_IRQHandler
                0x0000000008000200                USART2_IRQHandler
                0x0000000008000202                USART3_IRQHandler
                0x0000000008000204                EXTI15_10_IRQHandler
                0x0000000008000206                RTC_ALARM_IRQHandler
                0x0000000008000208                OTG_FS_WKUP_IRQHandler
                0x000000000800020a                TIM8_BRK_TIM12_IRQHandler
                0x000000000800020c                TIM8_UP_TIM13_IRQHandler
                0x000000000800020e                TIM8_TRG_COM_TIM14_IRQHandler
                0x0000000008000210                TIM8_CC_IRQHandler
                0x0000000008000212                DMA1_Stream7_IRQHandler
                0x0000000008000214                FMC_IRQHandler
                0x0000000008000216                SDMMC1_IRQHandler
                0x0000000008000218                TIM5_IRQHandler
                0x000000000800021a                SPI3_IRQHandler
                0x000000000800021c                UART5_IRQHandler
                0x000000000800021e                TIM6_DAC_IRQHandler
                0x0000000008000220                TIM7_IRQHandler
                0x0000000008000222                DMA2_Stream0_IRQHandler
                0x0000000008000224                DMA2_Stream1_IRQHandler
                0x0000000008000226                DMA2_Stream2_IRQHandler
                0x0000000008000228                DMA2_Stream3_IRQHandler
                0x000000000800022a                DMA2_Stream4_IRQHandler
                0x000000000800022c                ETH_IRQHandler
                0x000000000800022e                ETH_WKUP_IRQHandler
                0x0000000008000230                CAN2_TX_IRQHandler
                0x0000000008000232                CAN2_RX0_IRQHandler
                0x0000000008000234                CAN2_RX1_IRQHandler
                0x0000000008000236                CAN2_SCE_IRQHandler
                0x000000000800023a                DMA2_Stream5_IRQHandler
                0x000000000800023c                DMA2_Stream6_IRQHandler
                0x000000000800023e                DMA2_Stream7_IRQHandler
                0x0000000008000240                OTG_HS_EP1_OUT_IRQHandler
                0x0000000008000242                OTG_HS_EP1_IN_IRQHandler
                0x0000000008000244                OTG_HS_WKUP_IRQHandler
                0x0000000008000248                DCMI_IRQHandler
                0x000000000800024a                HASH_RNG_IRQHandler
                0x000000000800024c                UART8_IRQHandler
                0x000000000800024e                SPI4_IRQHandler
                0x0000000008000250                SPI5_IRQHandler
                0x0000000008000252                SPI6_IRQHandler
                0x0000000008000254                SAI1_IRQHandler
                0x0000000008000256                LCD_TFT_IRQHandler
                0x0000000008000258                LTDC_ER_IRQHandler
                0x000000000800025a                DMA2D_IRQHandler
 .init          0x000000000800025c       0x28 Output/SES/STM32F746-DISCO_Eval_IP_over_USB_Webserver_Debug/Obj/STM32F7xx_Startup.o
                0x000000000800025c                Reset_Handler
 .init          0x0000000008000284      0x158 Output/SES/STM32F746-DISCO_Eval_IP_over_USB_Webserver_Debug/Obj/thumb_crt0.o
                0x0000000008000284                _start
                0x0000000008000336                exit
                0x00000000080003dc                __init_end__ = (__init_start__ + SIZEOF (.init))
                0x0000000000000230                __init_size__ = SIZEOF (.init)
                0x00000000080003dc                __init_load_end__ = __init_end__
                0x0000000000000001                . = ASSERT (((__init_start__ == __init_end__) || ((__init_end__ - __FLASH_segment_start__) <= __FLASH_segment_size__)), error: .init is too large to fit in FLASH memory segment)
                0x00000000080003dc                __init_rodata_load_start__ = ALIGN (__init_end__, 0x4)

.init_rodata    0x00000000080003dc        0x0
                0x00000000080003dc                __init_rodata_start__ = .
 *(.init_rodata .init_rodata.*)
                0x00000000080003dc                __init_rodata_end__ = (__init_rodata_start__ + SIZEOF (.init_rodata))
                0x0000000000000000                __init_rodata_size__ = SIZEOF (.init_rodata)
                0x00000000080003dc                __init_rodata_load_end__ = __init_rodata_end__
                0x0000000000000001                . = ASSERT (((__init_rodata_start__ == __init_rodata_end__) || ((__init_rodata_end__ - __FLASH_segment_start__) <= __FLASH_segment_size__)), error: .init_rodata is too large to fit in FLASH memory segment)
                0x00000000080003dc                __text_load_start__ = ALIGN (__init_rodata_end__, 0x4)

.text           0x00000000080003dc    0x222f0
                0x00000000080003dc                __text_start__ = .
 *(.text .text.* .gnu.linkonce.t.* .glue_7t .glue_7 .gcc_except_table .ARM.extab* .gnu.linkonce.armextab.*)
 .glue_7        0x00000000080003dc        0x0 linker stubs
 .glue_7t       0x00000000080003dc        0x0 linker stubs
 .text.main     0x00000000080003dc       0xc8 Output/SES/STM32F746-DISCO_Eval_IP_over_USB_Webserver_Debug/Obj/Main.o
                0x00000000080003dc                main
 .text.SEGGER_SYSVIEW_Conf
                0x00000000080004a4        0x4 Output/SES/STM32F746-DISCO_Eval_IP_over_USB_Webserver_Debug/Obj/Main.o
                0x00000000080004a4                SEGGER_SYSVIEW_Conf
 .text._CompareDir
                0x00000000080004a8       0x4c Output/SES/STM32F746-DISCO_Eval_IP_over_USB_Webserver_Debug/Obj/IP_FS_ReadOnly.o
 .text._GetFolderLength
                0x00000000080004f4       0x2e Output/SES/STM32F746-DISCO_Eval_IP_over_USB_Webserver_Debug/Obj/IP_FS_ReadOnly.o
 *fill*         0x0000000008000522        0x2 
 .text._FS_RO_FS_Open
                0x0000000008000524       0x84 Output/SES/STM32F746-DISCO_Eval_IP_over_USB_Webserver_Debug/Obj/IP_FS_ReadOnly.o
 .text._FS_RO_Close
                0x00000000080005a8        0xc Output/SES/STM32F746-DISCO_Eval_IP_over_USB_Webserver_Debug/Obj/IP_FS_ReadOnly.o
 .text._FS_RO_ReadAt
                0x00000000080005b4       0x2c Output/SES/STM32F746-DISCO_Eval_IP_over_USB_Webserver_Debug/Obj/IP_FS_ReadOnly.o
 .text._FS_RO_GetLen
                0x00000000080005e0       0x12 Output/SES/STM32F746-DISCO_Eval_IP_over_USB_Webserver_Debug/Obj/IP_FS_ReadOnly.o
 *fill*         0x00000000080005f2        0x2 
 .text._FS_RO_ForEachDirEntry
                0x00000000080005f4      0x110 Output/SES/STM32F746-DISCO_Eval_IP_over_USB_Webserver_Debug/Obj/IP_FS_ReadOnly.o
 .text._FS_RO_GetFileName
                0x0000000008000704       0x98 Output/SES/STM32F746-DISCO_Eval_IP_over_USB_Webserver_Debug/Obj/IP_FS_ReadOnly.o
 .text._FS_RO_GetFileSize
                0x000000000800079c       0x50 Output/SES/STM32F746-DISCO_Eval_IP_over_USB_Webserver_Debug/Obj/IP_FS_ReadOnly.o
 .text._FS_RO_GetFileAttributes
                0x00000000080007ec       0x4c Output/SES/STM32F746-DISCO_Eval_IP_over_USB_Webserver_Debug/Obj/IP_FS_ReadOnly.o
 .text._OnStateChange
                0x0000000008000838       0x40 Output/SES/STM32F746-DISCO_Eval_IP_over_USB_Webserver_Debug/Obj/IP_WebserverSample.o
 .text._closesocket
                0x0000000008000878       0x32 Output/SES/STM32F746-DISCO_Eval_IP_over_USB_Webserver_Debug/Obj/IP_WebserverSample.o
 .text._Recv    0x00000000080008aa       0x22 Output/SES/STM32F746-DISCO_Eval_IP_over_USB_Webserver_Debug/Obj/IP_WebserverSample.o
 .text._Send    0x00000000080008cc       0x22 Output/SES/STM32F746-DISCO_Eval_IP_over_USB_Webserver_Debug/Obj/IP_WebserverSample.o
 *fill*         0x00000000080008ee        0x2 
 .text._Alloc   0x00000000080008f0       0x1c Output/SES/STM32F746-DISCO_Eval_IP_over_USB_Webserver_Debug/Obj/IP_WebserverSample.o
 .text._Free    0x000000000800090c       0x14 Output/SES/STM32F746-DISCO_Eval_IP_over_USB_Webserver_Debug/Obj/IP_WebserverSample.o
 .text._AddToConnectCnt
                0x0000000008000920       0x84 Output/SES/STM32F746-DISCO_Eval_IP_over_USB_Webserver_Debug/Obj/IP_WebserverSample.o
 .text._WebServerChildTask
                0x00000000080009a4       0x98 Output/SES/STM32F746-DISCO_Eval_IP_over_USB_Webserver_Debug/Obj/IP_WebserverSample.o
 .text._WebServerParentTask
                0x0000000008000a3c      0x1d8 Output/SES/STM32F746-DISCO_Eval_IP_over_USB_Webserver_Debug/Obj/IP_WebserverSample.o
 .text._OnRx    0x0000000008000c14       0xd4 Output/SES/STM32F746-DISCO_Eval_IP_over_USB_Webserver_Debug/Obj/IP_WebserverSample.o
 .text.MainTask
                0x0000000008000ce8       0xc8 Output/SES/STM32F746-DISCO_Eval_IP_over_USB_Webserver_Debug/Obj/IP_WebserverSample.o
                0x0000000008000ce8                MainTask
 .text._cbOnCookie
                0x0000000008000db0       0x6c Output/SES/STM32F746-DISCO_Eval_IP_over_USB_Webserver_Debug/Obj/Webserver_DynContent.o
 .text._cbOnProgressNotify
                0x0000000008000e1c       0x84 Output/SES/STM32F746-DISCO_Eval_IP_over_USB_Webserver_Debug/Obj/Webserver_DynContent.o
 .text._cbBeforeContentOutput
                0x0000000008000ea0       0x4c Output/SES/STM32F746-DISCO_Eval_IP_over_USB_Webserver_Debug/Obj/Webserver_DynContent.o
 .text._cbSendCustomErrorPage
                0x0000000008000eec       0x38 Output/SES/STM32F746-DISCO_Eval_IP_over_USB_Webserver_Debug/Obj/Webserver_DynContent.o
 .text._CopyString
                0x0000000008000f24       0x46 Output/SES/STM32F746-DISCO_Eval_IP_over_USB_Webserver_Debug/Obj/Webserver_DynContent.o
 *fill*         0x0000000008000f6a        0x2 
 .text._callback_DefaultHandler
                0x0000000008000f6c       0x34 Output/SES/STM32F746-DISCO_Eval_IP_over_USB_Webserver_Debug/Obj/Webserver_DynContent.o
 .text._callback_ExecCookieCounter
                0x0000000008000fa0       0x38 Output/SES/STM32F746-DISCO_Eval_IP_over_USB_Webserver_Debug/Obj/Webserver_DynContent.o
 .text._callback_ExecCounter
                0x0000000008000fd8       0x34 Output/SES/STM32F746-DISCO_Eval_IP_over_USB_Webserver_Debug/Obj/Webserver_DynContent.o
 .text._GetNetworkInfo
                0x000000000800100c      0x470 Output/SES/STM32F746-DISCO_Eval_IP_over_USB_Webserver_Debug/Obj/Webserver_DynContent.o
 .text._callback_ExecGetConnectionInfo
                0x000000000800147c       0x18 Output/SES/STM32F746-DISCO_Eval_IP_over_USB_Webserver_Debug/Obj/Webserver_DynContent.o
 .text._GetOSInfo
                0x0000000008001494      0x28c Output/SES/STM32F746-DISCO_Eval_IP_over_USB_Webserver_Debug/Obj/Webserver_DynContent.o
 .text._callback_ExecGetOSInfo
                0x0000000008001720       0x18 Output/SES/STM32F746-DISCO_Eval_IP_over_USB_Webserver_Debug/Obj/Webserver_DynContent.o
 .text._callback_ExecGetIPAddr
                0x0000000008001738       0x30 Output/SES/STM32F746-DISCO_Eval_IP_over_USB_Webserver_Debug/Obj/Webserver_DynContent.o
 .text._callback_ExecPercentage
                0x0000000008001768       0x50 Output/SES/STM32F746-DISCO_Eval_IP_over_USB_Webserver_Debug/Obj/Webserver_DynContent.o
 .text._callback_ExecLastName
                0x00000000080017b8       0x30 Output/SES/STM32F746-DISCO_Eval_IP_over_USB_Webserver_Debug/Obj/Webserver_DynContent.o
 .text._callback_ExecFirstName
                0x00000000080017e8       0x30 Output/SES/STM32F746-DISCO_Eval_IP_over_USB_Webserver_Debug/Obj/Webserver_DynContent.o
 .text._callback_LEDx
                0x0000000008001818       0x78 Output/SES/STM32F746-DISCO_Eval_IP_over_USB_Webserver_Debug/Obj/Webserver_DynContent.o
 .text._callback_LED0
                0x0000000008001890       0x1e Output/SES/STM32F746-DISCO_Eval_IP_over_USB_Webserver_Debug/Obj/Webserver_DynContent.o
 .text._callback_LED1
                0x00000000080018ae       0x1e Output/SES/STM32F746-DISCO_Eval_IP_over_USB_Webserver_Debug/Obj/Webserver_DynContent.o
 .text._callback_LED2
                0x00000000080018cc       0x1e Output/SES/STM32F746-DISCO_Eval_IP_over_USB_Webserver_Debug/Obj/Webserver_DynContent.o
 .text._callback_LED3
                0x00000000080018ea       0x1e Output/SES/STM32F746-DISCO_Eval_IP_over_USB_Webserver_Debug/Obj/Webserver_DynContent.o
 .text._callback_LED4
                0x0000000008001908       0x1e Output/SES/STM32F746-DISCO_Eval_IP_over_USB_Webserver_Debug/Obj/Webserver_DynContent.o
 .text._callback_LED5
                0x0000000008001926       0x1e Output/SES/STM32F746-DISCO_Eval_IP_over_USB_Webserver_Debug/Obj/Webserver_DynContent.o
 .text._callback_LED6
                0x0000000008001944       0x1e Output/SES/STM32F746-DISCO_Eval_IP_over_USB_Webserver_Debug/Obj/Webserver_DynContent.o
 .text._callback_LED7
                0x0000000008001962       0x1e Output/SES/STM32F746-DISCO_Eval_IP_over_USB_Webserver_Debug/Obj/Webserver_DynContent.o
 .text._callback_SetLEDs
                0x0000000008001980       0x48 Output/SES/STM32F746-DISCO_Eval_IP_over_USB_Webserver_Debug/Obj/Webserver_DynContent.o
 .text._callback_ExecGetIndex
                0x00000000080019c8       0xe0 Output/SES/STM32F746-DISCO_Eval_IP_over_USB_Webserver_Debug/Obj/Webserver_DynContent.o
 .text._callback_CGI_Send
                0x0000000008001aa8       0xd0 Output/SES/STM32F746-DISCO_Eval_IP_over_USB_Webserver_Debug/Obj/Webserver_DynContent.o
 .text._callback_CGI_UploadFile
                0x0000000008001b78       0xe8 Output/SES/STM32F746-DISCO_Eval_IP_over_USB_Webserver_Debug/Obj/Webserver_DynContent.o
 .text._SendTime
                0x0000000008001c60       0x60 Output/SES/STM32F746-DISCO_Eval_IP_over_USB_Webserver_Debug/Obj/Webserver_DynContent.o
 .text._callback_CGI_SSETime
                0x0000000008001cc0       0x48 Output/SES/STM32F746-DISCO_Eval_IP_over_USB_Webserver_Debug/Obj/Webserver_DynContent.o
 .text._SendOSInfo
                0x0000000008001d08       0x38 Output/SES/STM32F746-DISCO_Eval_IP_over_USB_Webserver_Debug/Obj/Webserver_DynContent.o
 .text._callback_CGI_SSEembOS
                0x0000000008001d40       0x48 Output/SES/STM32F746-DISCO_Eval_IP_over_USB_Webserver_Debug/Obj/Webserver_DynContent.o
 .text._SendNetInfo
                0x0000000008001d88       0x38 Output/SES/STM32F746-DISCO_Eval_IP_over_USB_Webserver_Debug/Obj/Webserver_DynContent.o
 .text._callback_CGI_SSENet
                0x0000000008001dc0       0x48 Output/SES/STM32F746-DISCO_Eval_IP_over_USB_Webserver_Debug/Obj/Webserver_DynContent.o
 .text._callback_DHCP_On
                0x0000000008001e08       0x5c Output/SES/STM32F746-DISCO_Eval_IP_over_USB_Webserver_Debug/Obj/Webserver_DynContent.o
 .text._callback_DHCP_Off
                0x0000000008001e64       0x5c Output/SES/STM32F746-DISCO_Eval_IP_over_USB_Webserver_Debug/Obj/Webserver_DynContent.o
 .text._callback_IPAddrX
                0x0000000008001ec0       0xa4 Output/SES/STM32F746-DISCO_Eval_IP_over_USB_Webserver_Debug/Obj/Webserver_DynContent.o
 .text._callback_IPMaskX
                0x0000000008001f64       0xa4 Output/SES/STM32F746-DISCO_Eval_IP_over_USB_Webserver_Debug/Obj/Webserver_DynContent.o
 .text._callback_IPGWX
                0x0000000008002008       0xa4 Output/SES/STM32F746-DISCO_Eval_IP_over_USB_Webserver_Debug/Obj/Webserver_DynContent.o
 .text._callback_IPAddr0
                0x00000000080020ac       0x1e Output/SES/STM32F746-DISCO_Eval_IP_over_USB_Webserver_Debug/Obj/Webserver_DynContent.o
 .text._callback_IPAddr1
                0x00000000080020ca       0x1e Output/SES/STM32F746-DISCO_Eval_IP_over_USB_Webserver_Debug/Obj/Webserver_DynContent.o
 .text._callback_IPAddr2
                0x00000000080020e8       0x1e Output/SES/STM32F746-DISCO_Eval_IP_over_USB_Webserver_Debug/Obj/Webserver_DynContent.o
 .text._callback_IPAddr3
                0x0000000008002106       0x1e Output/SES/STM32F746-DISCO_Eval_IP_over_USB_Webserver_Debug/Obj/Webserver_DynContent.o
 .text._callback_IPMask0
                0x0000000008002124       0x1e Output/SES/STM32F746-DISCO_Eval_IP_over_USB_Webserver_Debug/Obj/Webserver_DynContent.o
 .text._callback_IPMask1
                0x0000000008002142       0x1e Output/SES/STM32F746-DISCO_Eval_IP_over_USB_Webserver_Debug/Obj/Webserver_DynContent.o
 .text._callback_IPMask2
                0x0000000008002160       0x1e Output/SES/STM32F746-DISCO_Eval_IP_over_USB_Webserver_Debug/Obj/Webserver_DynContent.o
 .text._callback_IPMask3
                0x000000000800217e       0x1e Output/SES/STM32F746-DISCO_Eval_IP_over_USB_Webserver_Debug/Obj/Webserver_DynContent.o
 .text._callback_IPGW0
                0x000000000800219c       0x1e Output/SES/STM32F746-DISCO_Eval_IP_over_USB_Webserver_Debug/Obj/Webserver_DynContent.o
 .text._callback_IPGW1
                0x00000000080021ba       0x1e Output/SES/STM32F746-DISCO_Eval_IP_over_USB_Webserver_Debug/Obj/Webserver_DynContent.o
 .text._callback_IPGW2
                0x00000000080021d8       0x1e Output/SES/STM32F746-DISCO_Eval_IP_over_USB_Webserver_Debug/Obj/Webserver_DynContent.o
 .text._callback_IPGW3
                0x00000000080021f6       0x1e Output/SES/STM32F746-DISCO_Eval_IP_over_USB_Webserver_Debug/Obj/Webserver_DynContent.o
 .text._callback_SetIP
                0x0000000008002214       0x78 Output/SES/STM32F746-DISCO_Eval_IP_over_USB_Webserver_Debug/Obj/Webserver_DynContent.o
 .text._REST_cb
                0x000000000800228c      0x134 Output/SES/STM32F746-DISCO_Eval_IP_over_USB_Webserver_Debug/Obj/Webserver_DynContent.o
 .text._GetTimeDate
                0x00000000080023c0       0x66 Output/SES/STM32F746-DISCO_Eval_IP_over_USB_Webserver_Debug/Obj/Webserver_DynContent.o
 *fill*         0x0000000008002426        0x2 
 .text._pfGetFileInfo
                0x0000000008002428       0x9c Output/SES/STM32F746-DISCO_Eval_IP_over_USB_Webserver_Debug/Obj/Webserver_DynContent.o
 .text._CB_HandleParameter
                0x00000000080024c4        0xe Output/SES/STM32F746-DISCO_Eval_IP_over_USB_Webserver_Debug/Obj/Webserver_DynContent.o
 *fill*         0x00000000080024d2        0x2 
 .text.WebsSample_SendPageHeader
                0x00000000080024d4       0x5c Output/SES/STM32F746-DISCO_Eval_IP_over_USB_Webserver_Debug/Obj/Webserver_DynContent.o
                0x00000000080024d4                WebsSample_SendPageHeader
 .text.WebsSample_SendPageFooter
                0x0000000008002530       0x4c Output/SES/STM32F746-DISCO_Eval_IP_over_USB_Webserver_Debug/Obj/Webserver_DynContent.o
                0x0000000008002530                WebsSample_SendPageFooter
 .text.IP_WEBS_X_SampleConfig
                0x000000000800257c       0x54 Output/SES/STM32F746-DISCO_Eval_IP_over_USB_Webserver_Debug/Obj/Webserver_DynContent.o
                0x000000000800257c                IP_WEBS_X_SampleConfig
 .text._AddIP   0x00000000080025d0       0x88 Output/SES/STM32F746-DISCO_Eval_IP_over_USB_Webserver_Debug/Obj/IP_Config_IP_over_USB.o
 .text._OnDone  0x0000000008002658       0x20 Output/SES/STM32F746-DISCO_Eval_IP_over_USB_Webserver_Debug/Obj/IP_Config_IP_over_USB.o
 .text._UpdateIPServiceOperation
                0x0000000008002678      0x1d8 Output/SES/STM32F746-DISCO_Eval_IP_over_USB_Webserver_Debug/Obj/IP_Config_IP_over_USB.o
 .text._Connect
                0x0000000008002850       0x30 Output/SES/STM32F746-DISCO_Eval_IP_over_USB_Webserver_Debug/Obj/IP_Config_IP_over_USB.o
 .text._OnHWChange
                0x0000000008002880       0x32 Output/SES/STM32F746-DISCO_Eval_IP_over_USB_Webserver_Debug/Obj/IP_Config_IP_over_USB.o
 *fill*         0x00000000080028b2        0x2 
 .text.IP_X_Config
                0x00000000080028b4       0xbc Output/SES/STM32F746-DISCO_Eval_IP_over_USB_Webserver_Debug/Obj/IP_Config_IP_over_USB.o
                0x00000000080028b4                IP_X_Config
 .text.__heap_lock
                0x0000000008002970        0x2 Output/SES/STM32F746-DISCO_Eval_IP_over_USB_Webserver_Debug/Obj/thumb_crt0.o
                0x0000000008002970                __heap_lock
 .text.__heap_unlock
                0x0000000008002972        0x2 Output/SES/STM32F746-DISCO_Eval_IP_over_USB_Webserver_Debug/Obj/thumb_crt0.o
                0x0000000008002972                __heap_unlock
 .text._puts    0x0000000008002974       0x16 Output/SES/STM32F746-DISCO_Eval_IP_over_USB_Webserver_Debug/Obj/USB_ConfigIO.o
 .text._WriteUnsigned
                0x000000000800298a       0x7c Output/SES/STM32F746-DISCO_Eval_IP_over_USB_Webserver_Debug/Obj/USB_ConfigIO.o
 *fill*         0x0000000008002a06        0x2 
 .text._ShowStamp
                0x0000000008002a08       0xbc Output/SES/STM32F746-DISCO_Eval_IP_over_USB_Webserver_Debug/Obj/USB_ConfigIO.o
 .text.USB_OS_Panic
                0x0000000008002ac4       0x2c Output/SES/STM32F746-DISCO_Eval_IP_over_USB_Webserver_Debug/Obj/USB_ConfigIO.o
                0x0000000008002ac4                USB_OS_Panic
 .text.USB_X_Log
                0x0000000008002af0       0x2c Output/SES/STM32F746-DISCO_Eval_IP_over_USB_Webserver_Debug/Obj/USB_ConfigIO.o
                0x0000000008002af0                USB_X_Log
 .text.USB_X_Warn
                0x0000000008002b1c       0x34 Output/SES/STM32F746-DISCO_Eval_IP_over_USB_Webserver_Debug/Obj/USB_ConfigIO.o
                0x0000000008002b1c                USB_X_Warn
 .text._EnableISR
                0x0000000008002b50       0x18 Output/SES/STM32F746-DISCO_Eval_IP_over_USB_Webserver_Debug/Obj/USB_Config_ST_STM32F746G-DSCO_OTG-HS.o
 .text.USBD_X_Config
                0x0000000008002b68      0x28c Output/SES/STM32F746-DISCO_Eval_IP_over_USB_Webserver_Debug/Obj/USB_Config_ST_STM32F746G-DSCO_OTG-HS.o
                0x0000000008002b68                USBD_X_Config
 .text.IP_Panic
                0x0000000008002df4       0x14 Output/SES/STM32F746-DISCO_Eval_IP_over_USB_Webserver_Debug/Obj/IP_ConfigIO.o
                0x0000000008002df4                IP_Panic
 .text.IP_Log   0x0000000008002e08       0x24 Output/SES/STM32F746-DISCO_Eval_IP_over_USB_Webserver_Debug/Obj/IP_ConfigIO.o
                0x0000000008002e08                IP_Log
 .text.IP_Warn  0x0000000008002e2c       0x24 Output/SES/STM32F746-DISCO_Eval_IP_over_USB_Webserver_Debug/Obj/IP_ConfigIO.o
                0x0000000008002e2c                IP_Warn
 .text._InitDrivers
                0x0000000008002e50      0x160 IP/libIP_d.a(IP_Core.o)
 .text._IF_Timer
                0x0000000008002fb0       0x98 IP/libIP_d.a(IP_Core.o)
 .text._IF_IntEnableTimer
                0x0000000008003048       0x74 IP/libIP_d.a(IP_Core.o)
 .text._HandleTimers
                0x00000000080030bc       0x8c IP/libIP_d.a(IP_Core.o)
 .text._OnStateChange
                0x0000000008003148       0x3c IP/libIP_d.a(IP_Core.o)
 .text._SetHWState
                0x0000000008003184       0x78 IP/libIP_d.a(IP_Core.o)
 .text._AddStateChangeHook
                0x00000000080031fc       0x24 IP/libIP_d.a(IP_Core.o)
 .text.IP_AddMemory
                0x0000000008003220       0x22 IP/libIP_d.a(IP_Core.o)
                0x0000000008003220                IP_AddMemory
 *fill*         0x0000000008003242        0x2 
 .text.IP_AssignMemory
                0x0000000008003244       0x2c IP/libIP_d.a(IP_Core.o)
                0x0000000008003244                IP_AssignMemory
 .text.IP__SendPacket
                0x0000000008003270       0xe8 IP/libIP_d.a(IP_Core.o)
                0x0000000008003270                IP__SendPacket
 .text.IP_GetNextOutPacketEx
                0x0000000008003358       0x4c IP/libIP_d.a(IP_Core.o)
                0x0000000008003358                IP_GetNextOutPacketEx
 .text.IP_RemoveOutPacketEx_NoLock
                0x00000000080033a4       0x34 IP/libIP_d.a(IP_Core.o)
                0x00000000080033a4                IP_RemoveOutPacketEx_NoLock
 .text.IP_RemoveOutPacketEx
                0x00000000080033d8       0x30 IP/libIP_d.a(IP_Core.o)
                0x00000000080033d8                IP_RemoveOutPacketEx
 .text.IP_AddTimer
                0x0000000008003408       0xa4 IP/libIP_d.a(IP_Core.o)
                0x0000000008003408                IP_AddTimer
 .text._SetHWAddr
                0x00000000080034ac       0x8c IP/libIP_d.a(IP_Core.o)
 .text.IP_SetHWAddrEx
                0x0000000008003538       0x34 IP/libIP_d.a(IP_Core.o)
                0x0000000008003538                IP_SetHWAddrEx
 .text.IP_GetHWAddr
                0x000000000800356c       0x44 IP/libIP_d.a(IP_Core.o)
                0x000000000800356c                IP_GetHWAddr
 .text.IP_ResetIFace
                0x00000000080035b0       0x38 IP/libIP_d.a(IP_Core.o)
                0x00000000080035b0                IP_ResetIFace
 .text.IP_SetAddrMaskEx
                0x00000000080035e8       0x78 IP/libIP_d.a(IP_Core.o)
                0x00000000080035e8                IP_SetAddrMaskEx
 .text.IP_SetAddrMaskEx_Delayed
                0x0000000008003660       0x26 IP/libIP_d.a(IP_Core.o)
                0x0000000008003660                IP_SetAddrMaskEx_Delayed
 .text.IP_SetAddrMask
                0x0000000008003686       0x1a IP/libIP_d.a(IP_Core.o)
                0x0000000008003686                IP_SetAddrMask
 .text.IP_GetAddrMask
                0x00000000080036a0       0x64 IP/libIP_d.a(IP_Core.o)
                0x00000000080036a0                IP_GetAddrMask
 .text.IP_SetGWAddr
                0x0000000008003704       0x38 IP/libIP_d.a(IP_Core.o)
                0x0000000008003704                IP_SetGWAddr
 .text.IP_GetGWAddr
                0x000000000800373c       0x34 IP/libIP_d.a(IP_Core.o)
                0x000000000800373c                IP_GetGWAddr
 .text.IP_GetIPAddr
                0x0000000008003770       0x2c IP/libIP_d.a(IP_Core.o)
                0x0000000008003770                IP_GetIPAddr
 .text.IP_Exec  0x000000000800379c      0x114 IP/libIP_d.a(IP_Core.o)
                0x000000000800379c                IP_Exec
 .text.IP_Task  0x00000000080038b0       0x20 IP/libIP_d.a(IP_Core.o)
                0x00000000080038b0                IP_Task
 .text.IP_CalcChecksum_Byte
                0x00000000080038d0       0x54 IP/libIP_d.a(IP_Core.o)
                0x00000000080038d0                IP_CalcChecksum_Byte
 .text.IP_AddBuffers
                0x0000000008003924       0x64 IP/libIP_d.a(IP_Core.o)
                0x0000000008003924                IP_AddBuffers
 .text.IP_ConfigTCPSpace
                0x0000000008003988       0x1c IP/libIP_d.a(IP_Core.o)
                0x0000000008003988                IP_ConfigTCPSpace
 .text._SNPrintSpeed
                0x00000000080039a4       0xcc IP/libIP_d.a(IP_Core.o)
 .text.IP_NI_SetLinkState
                0x0000000008003a70      0x218 IP/libIP_d.a(IP_Core.o)
                0x0000000008003a70                IP_NI_SetLinkState
 .text.IP_AddStateChangeHook
                0x0000000008003c88       0x20 IP/libIP_d.a(IP_Core.o)
                0x0000000008003c88                IP_AddStateChangeHook
 .text.IP_AddStateChangeHook_NoLock
                0x0000000008003ca8       0x18 IP/libIP_d.a(IP_Core.o)
                0x0000000008003ca8                IP_AddStateChangeHook_NoLock
 .text.IP_GetCurrentLinkSpeedEx
                0x0000000008003cc0       0x20 IP/libIP_d.a(IP_Core.o)
                0x0000000008003cc0                IP_GetCurrentLinkSpeedEx
 .text.IP_IFaceIsReadyEx
                0x0000000008003ce0       0x38 IP/libIP_d.a(IP_Core.o)
                0x0000000008003ce0                IP_IFaceIsReadyEx
 .text.IP_IsExpired
                0x0000000008003d18       0x26 IP/libIP_d.a(IP_Core.o)
                0x0000000008003d18                IP_IsExpired
 *fill*         0x0000000008003d3e        0x2 
 .text.IP_Init  0x0000000008003d40      0x300 IP/libIP_d.a(IP_Core.o)
                0x0000000008003d40                IP_Init
 .text.IP_AddOnExitHandler
                0x0000000008004040       0x24 IP/libIP_d.a(IP_Core.o)
                0x0000000008004040                IP_AddOnExitHandler
 .text.IP_NI_EnDisableRxInt
                0x0000000008004064       0x5a IP/libIP_d.a(IP_Core.o)
                0x0000000008004064                IP_NI_EnDisableRxInt
 *fill*         0x00000000080040be        0x2 
 .text.IP_NI_LoadHWAddr
                0x00000000080040c0       0x38 IP/libIP_d.a(IP_Core.o)
                0x00000000080040c0                IP_NI_LoadHWAddr
 .text.IP_NI_GetCaps
                0x00000000080040f8       0x40 IP/libIP_d.a(IP_Core.o)
                0x00000000080040f8                IP_NI_GetCaps
 .text.IP_NI_GetCapsEx
                0x0000000008004138       0x34 IP/libIP_d.a(IP_Core.o)
                0x0000000008004138                IP_NI_GetCapsEx
 .text.IP_SetMTU
                0x000000000800416c       0x3c IP/libIP_d.a(IP_Core.o)
                0x000000000800416c                IP_SetMTU
 .text.IP_GetMTU
                0x00000000080041a8       0x24 IP/libIP_d.a(IP_Core.o)
                0x00000000080041a8                IP_GetMTU
 .text.IP_AddInterface
                0x00000000080041cc       0xe0 IP/libIP_d.a(IP_Core.o)
                0x00000000080041cc                IP_AddInterface
 .text.IP_INFO_GetNumInterfaces
                0x00000000080042ac       0x10 IP/libIP_d.a(IP_Core.o)
                0x00000000080042ac                IP_INFO_GetNumInterfaces
 .text.IP_GetIFaceForHost
                0x00000000080042bc       0xfc IP/libIP_d.a(IP_Core.o)
                0x00000000080042bc                IP_GetIFaceForHost
 .text.IP_GetIFaceForBroadcast
                0x00000000080043b8       0x78 IP/libIP_d.a(IP_Core.o)
                0x00000000080043b8                IP_GetIFaceForBroadcast
 .text.IP_InitFromIFace
                0x0000000008004430       0x78 IP/libIP_d.a(IP_Core.o)
                0x0000000008004430                IP_InitFromIFace
 .text.IP_SetIFaceConnectHook
                0x00000000080044a8       0x24 IP/libIP_d.a(IP_Core.o)
                0x00000000080044a8                IP_SetIFaceConnectHook
 .text.IP_Connect
                0x00000000080044cc       0x64 IP/libIP_d.a(IP_Core.o)
                0x00000000080044cc                IP_Connect
 .text.IP_Disconnect
                0x0000000008004530       0x64 IP/libIP_d.a(IP_Core.o)
                0x0000000008004530                IP_Disconnect
 .text.IP_GetRandU32
                0x0000000008004594       0x64 IP/libIP_d.a(IP_Core.o)
                0x0000000008004594                IP_GetRandU32
 .text._IsAllTheSameByte
                0x00000000080045f8       0x40 IP/libIP_d.a(IP_Core.o)
 .text.IP_IsAllZero
                0x0000000008004638       0x1c IP/libIP_d.a(IP_Core.o)
                0x0000000008004638                IP_IsAllZero
 .text.IP_IsAllFF
                0x0000000008004654       0x1c IP/libIP_d.a(IP_Core.o)
                0x0000000008004654                IP_IsAllFF
 .text.IP_GetFreePacketCnt_NoLock
                0x0000000008004670       0x4c IP/libIP_d.a(IP_Core.o)
                0x0000000008004670                IP_GetFreePacketCnt_NoLock
 .text.IP_AllocEtherPacket
                0x00000000080046bc       0x54 IP/libIP_d.a(IP_Core.o)
                0x00000000080046bc                IP_AllocEtherPacket
 .text.IP_StoreRxPacket
                0x0000000008004710       0x8c IP/libIP_d.a(IP_Core.o)
                0x0000000008004710                IP_StoreRxPacket
 .text.IP_Add2RxFIFO
                0x000000000800479c       0x74 IP/libIP_d.a(IP_Core.o)
                0x000000000800479c                IP_Add2RxFIFO
 .text.IP_AddRxFifoHook
                0x0000000008004810       0x30 IP/libIP_d.a(IP_Core.o)
                0x0000000008004810                IP_AddRxFifoHook
 .text.IP_SignalIfPacketFreeUsed
                0x0000000008004840       0x18 IP/libIP_d.a(IP_Core.o)
                0x0000000008004840                IP_SignalIfPacketFreeUsed
 .text.IP_ExecDelayed
                0x0000000008004858       0x64 IP/libIP_d.a(IP_Core.o)
                0x0000000008004858                IP_ExecDelayed
 .text.IP_SetRxProt
                0x00000000080048bc       0x48 IP/libIP_d.a(IP_Core.o)
                0x00000000080048bc                IP_SetRxProt
 .text._OnExit  0x0000000008004904       0x14 IP/libIP_d.a(IP_DHCPC.o)
 .text._AllocContext
                0x0000000008004918       0x88 IP/libIP_d.a(IP_DHCPC.o)
 .text._ActivateFallbackConfig
                0x00000000080049a0       0x68 IP/libIP_d.a(IP_DHCPC.o)
 .text._SetState
                0x0000000008004a08       0x60 IP/libIP_d.a(IP_DHCPC.o)
 .text._UpdateLinkState
                0x0000000008004a68      0x10e IP/libIP_d.a(IP_DHCPC.o)
 .text._OnAdminStateChange
                0x0000000008004b76       0x40 IP/libIP_d.a(IP_DHCPC.o)
 .text._PutOptU32
                0x0000000008004bb6       0x4a IP/libIP_d.a(IP_DHCPC.o)
 .text._PutOpt  0x0000000008004c00       0x56 IP/libIP_d.a(IP_DHCPC.o)
 .text._PutOptString
                0x0000000008004c56       0x34 IP/libIP_d.a(IP_DHCPC.o)
 *fill*         0x0000000008004c8a        0x2 
 .text._ExtractOpts
                0x0000000008004c8c      0x378 IP/libIP_d.a(IP_DHCPC.o)
 .text._FindOption
                0x0000000008005004       0x5e IP/libIP_d.a(IP_DHCPC.o)
 .text._GetServerIP
                0x0000000008005062       0x38 IP/libIP_d.a(IP_DHCPC.o)
 *fill*         0x000000000800509a        0x2 
 .text._BuildHeader
                0x000000000800509c       0xbc IP/libIP_d.a(IP_DHCPC.o)
 .text._FixupSubnetMask
                0x0000000008005158       0x9c IP/libIP_d.a(IP_DHCPC.o)
 .text._SetIP   0x00000000080051f4       0xac IP/libIP_d.a(IP_DHCPC.o)
 .text._SendPacketCheckNoSrcIP
                0x00000000080052a0       0x84 IP/libIP_d.a(IP_DHCPC.o)
 .text._SendDeclinePacket
                0x0000000008005324       0x9c IP/libIP_d.a(IP_DHCPC.o)
 .text._SendARPRequest
                0x00000000080053c0       0x40 IP/libIP_d.a(IP_DHCPC.o)
 .text._Send    0x0000000008005400      0x484 IP/libIP_d.a(IP_DHCPC.o)
 .text._SendRequest
                0x0000000008005884       0x44 IP/libIP_d.a(IP_DHCPC.o)
 .text._SendDecline
                0x00000000080058c8       0x44 IP/libIP_d.a(IP_DHCPC.o)
 .text._RestartAtInit
                0x000000000800590c       0x56 IP/libIP_d.a(IP_DHCPC.o)
 *fill*         0x0000000008005962        0x2 
 .text._OnRx    0x0000000008005964      0x510 IP/libIP_d.a(IP_DHCPC.o)
 .text._SendReclaim
                0x0000000008005e74       0x44 IP/libIP_d.a(IP_DHCPC.o)
 .text._DHCPC_Timer
                0x0000000008005eb8      0x4dc IP/libIP_d.a(IP_DHCPC.o)
 .text._Activate
                0x0000000008006394      0x1d4 IP/libIP_d.a(IP_DHCPC.o)
 .text.IP_DHCPC_Activate
                0x0000000008006568       0x90 IP/libIP_d.a(IP_DHCPC.o)
                0x0000000008006568                IP_DHCPC_Activate
 .text.IP_DHCPC_Halt
                0x00000000080065f8       0x94 IP/libIP_d.a(IP_DHCPC.o)
                0x00000000080065f8                IP_DHCPC_Halt
 .text.IP_DHCPC_GetState
                0x000000000800668c       0x44 IP/libIP_d.a(IP_DHCPC.o)
                0x000000000800668c                IP_DHCPC_GetState
 .text._AllocContext
                0x00000000080066d0       0x60 IP/libIP_d.a(IP_DHCPS.o)
 .text._FindOption
                0x0000000008006730       0x5e IP/libIP_d.a(IP_DHCPS.o)
 .text._BuildHeader
                0x000000000800678e       0x66 IP/libIP_d.a(IP_DHCPS.o)
 .text._PutOptU32
                0x00000000080067f4       0x4a IP/libIP_d.a(IP_DHCPS.o)
 *fill*         0x000000000800683e        0x2 
 .text._GetEntryFromIPAddr
                0x0000000008006840       0x88 IP/libIP_d.a(IP_DHCPS.o)
 .text._GetIPAddrFromEntry
                0x00000000080068c8       0x90 IP/libIP_d.a(IP_DHCPS.o)
 .text._SendReply
                0x0000000008006958      0x2a8 IP/libIP_d.a(IP_DHCPS.o)
 .text._FindEntryByHWAddr
                0x0000000008006c00       0xc0 IP/libIP_d.a(IP_DHCPS.o)
 .text._FindFreeEntry
                0x0000000008006cc0       0x70 IP/libIP_d.a(IP_DHCPS.o)
 .text._FindNextFreeEntry
                0x0000000008006d30       0x90 IP/libIP_d.a(IP_DHCPS.o)
 .text._FreeEntry
                0x0000000008006dc0       0x32 IP/libIP_d.a(IP_DHCPS.o)
 *fill*         0x0000000008006df2        0x2 
 .text._GetMaxLeaseTime
                0x0000000008006df4       0x7c IP/libIP_d.a(IP_DHCPS.o)
 .text._OnRx    0x0000000008006e70      0x52c IP/libIP_d.a(IP_DHCPS.o)
 .text._DHCPS_Timer
                0x000000000800739c       0xd4 IP/libIP_d.a(IP_DHCPS.o)
 .text._OnExit  0x0000000008007470       0x14 IP/libIP_d.a(IP_DHCPS.o)
 .text.IP_DHCPS_ConfigPool
                0x0000000008007484      0x1d4 IP/libIP_d.a(IP_DHCPS.o)
                0x0000000008007484                IP_DHCPS_ConfigPool
 .text.IP_DHCPS_ConfigPool_Delayed
                0x0000000008007658       0x26 IP/libIP_d.a(IP_DHCPS.o)
                0x0000000008007658                IP_DHCPS_ConfigPool_Delayed
 *fill*         0x000000000800767e        0x2 
 .text.IP_DHCPS_ConfigDNSAddr
                0x0000000008007680       0xd8 IP/libIP_d.a(IP_DHCPS.o)
                0x0000000008007680                IP_DHCPS_ConfigDNSAddr
 .text.IP_DHCPS_ConfigDNSAddr_Delayed
                0x0000000008007758       0x28 IP/libIP_d.a(IP_DHCPS.o)
                0x0000000008007758                IP_DHCPS_ConfigDNSAddr_Delayed
 .text.IP_DHCPS_Init
                0x0000000008007780        0xc IP/libIP_d.a(IP_DHCPS.o)
                0x0000000008007780                IP_DHCPS_Init
 .text.IP_DHCPS_Start
                0x000000000800778c      0x100 IP/libIP_d.a(IP_DHCPS.o)
                0x000000000800778c                IP_DHCPS_Start
 .text.IP_DHCPS_Start_Delayed
                0x000000000800788c       0x16 IP/libIP_d.a(IP_DHCPS.o)
                0x000000000800788c                IP_DHCPS_Start_Delayed
 *fill*         0x00000000080078a2        0x2 
 .text.IP_DHCPS_Halt
                0x00000000080078a4       0x84 IP/libIP_d.a(IP_DHCPS.o)
                0x00000000080078a4                IP_DHCPS_Halt
 .text.IP_DHCPS_Halt_Delayed
                0x0000000008007928       0x16 IP/libIP_d.a(IP_DHCPS.o)
                0x0000000008007928                IP_DHCPS_Halt_Delayed
 .text._ToUpper
                0x000000000800793e       0x36 IP/libIP_d.a(IP_DISCOVER.o)
 .text._SwapDNSHeader
                0x0000000008007974       0x52 IP/libIP_d.a(IP_DISCOVER.o)
 .text._AddName
                0x00000000080079c6       0x98 IP/libIP_d.a(IP_DISCOVER.o)
 *fill*         0x0000000008007a5e        0x2 
 .text._CheckName
                0x0000000008007a60      0x14c IP/libIP_d.a(IP_DISCOVER.o)
 .text._CopyName
                0x0000000008007bac       0x80 IP/libIP_d.a(IP_DISCOVER.o)
 .text._AddIPv4Addr
                0x0000000008007c2c      0x10a IP/libIP_d.a(IP_DISCOVER.o)
 .text._AddARecord
                0x0000000008007d36       0x3c IP/libIP_d.a(IP_DISCOVER.o)
 .text._AddPTRRecord
                0x0000000008007d72      0x144 IP/libIP_d.a(IP_DISCOVER.o)
 .text._AddTXTRecord
                0x0000000008007eb6      0x1d2 IP/libIP_d.a(IP_DISCOVER.o)
 .text._AddSRVRecord
                0x0000000008008088      0x16c IP/libIP_d.a(IP_DISCOVER.o)
 .text._CheckAndAddReply
                0x00000000080081f4      0x23c IP/libIP_d.a(IP_DISCOVER.o)
 .text._CheckAndBuildReply
                0x0000000008008430      0x498 IP/libIP_d.a(IP_DISCOVER.o)
 .text._OnRxLLMNR
                0x00000000080088c8       0x80 IP/libIP_d.a(IP_DISCOVER.o)
 .text._OnRxMDNS
                0x0000000008008948       0x74 IP/libIP_d.a(IP_DISCOVER.o)
 .text._OnRxDns
                0x00000000080089bc       0x7c IP/libIP_d.a(IP_DISCOVER.o)
 .text.IP_MDNS_SERVER_Start
                0x0000000008008a38      0x128 IP/libIP_d.a(IP_DISCOVER.o)
                0x0000000008008a38                IP_MDNS_SERVER_Start
 .text.IP_MDNS_SERVER_Start_Delayed
                0x0000000008008b60       0x14 IP/libIP_d.a(IP_DISCOVER.o)
                0x0000000008008b60                IP_MDNS_SERVER_Start_Delayed
 .text.IP_MDNS_SERVER_Stop
                0x0000000008008b74       0x98 IP/libIP_d.a(IP_DISCOVER.o)
                0x0000000008008b74                IP_MDNS_SERVER_Stop
 .text.IP_MDNS_SERVER_Stop_Delayed
                0x0000000008008c0c       0x12 IP/libIP_d.a(IP_DISCOVER.o)
                0x0000000008008c0c                IP_MDNS_SERVER_Stop_Delayed
 *fill*         0x0000000008008c1e        0x2 
 .text.IP_DNS_SERVER_Start
                0x0000000008008c20       0x80 IP/libIP_d.a(IP_DISCOVER.o)
                0x0000000008008c20                IP_DNS_SERVER_Start
 .text.IP_DNS_SERVER_Start_Delayed
                0x0000000008008ca0       0x14 IP/libIP_d.a(IP_DISCOVER.o)
                0x0000000008008ca0                IP_DNS_SERVER_Start_Delayed
 .text.IP_DNS_SERVER_Stop
                0x0000000008008cb4       0x38 IP/libIP_d.a(IP_DISCOVER.o)
                0x0000000008008cb4                IP_DNS_SERVER_Stop
 .text.IP_DNS_SERVER_Stop_Delayed
                0x0000000008008cec       0x12 IP/libIP_d.a(IP_DISCOVER.o)
                0x0000000008008cec                IP_DNS_SERVER_Stop_Delayed
 *fill*         0x0000000008008cfe        0x2 
 .text._OnRxDispatcher
                0x0000000008008d00       0x88 IP/libIP_d.a(IP_DNSC.o)
 .text.IP_MDNS_DispatchOpen
                0x0000000008008d88       0xa8 IP/libIP_d.a(IP_DNSC.o)
                0x0000000008008d88                IP_MDNS_DispatchOpen
 .text.IP_MDNS_DispatchClose
                0x0000000008008e30       0xac IP/libIP_d.a(IP_DNSC.o)
                0x0000000008008e30                IP_MDNS_DispatchClose
 .text._OnExit  0x0000000008008edc       0x14 IP/libIP_d.a(IP_ETH.o)
 .text._SendEthernetPacket
                0x0000000008008ef0       0x78 IP/libIP_d.a(IP_ETH.o)
 .text._ETH_SendBroadcast
                0x0000000008008f68       0x28 IP/libIP_d.a(IP_ETH.o)
 .text._ETH_SendUnicast
                0x0000000008008f90       0xf8 IP/libIP_d.a(IP_ETH.o)
 .text._ETH_SendMulticast
                0x0000000008009088       0x60 IP/libIP_d.a(IP_ETH.o)
 .text._ETH_OnRx
                0x00000000080090e8      0x120 IP/libIP_d.a(IP_ETH.o)
 .text._ReadPacketsSingleIF
                0x0000000008009208      0x218 IP/libIP_d.a(IP_ETH.o)
 .text._ReadPackets
                0x0000000008009420       0xa8 IP/libIP_d.a(IP_ETH.o)
 .text._IP_ETH_OnPacketFree
                0x00000000080094c8       0x78 IP/libIP_d.a(IP_ETH.o)
 .text._OnRxIP  0x0000000008009540       0xf0 IP/libIP_d.a(IP_ETH.o)
 .text._GetNumHWAddr
                0x0000000008009630       0xac IP/libIP_d.a(IP_ETH.o)
 .text.IP_ETH_IsUnicast
                0x00000000080096dc       0x60 IP/libIP_d.a(IP_ETH.o)
                0x00000000080096dc                IP_ETH_IsUnicast
 .text.IP_ETH_SendPacket
                0x000000000800973c       0x26 IP/libIP_d.a(IP_ETH.o)
                0x000000000800973c                IP_ETH_SendPacket
 *fill*         0x0000000008009762        0x2 
 .text.IP_IsRxTaskRunning
                0x0000000008009764        0xc IP/libIP_d.a(IP_ETH.o)
                0x0000000008009764                IP_IsRxTaskRunning
 .text._RemoveDuplicateFilters
                0x0000000008009770       0xce IP/libIP_d.a(IP_ETH.o)
 *fill*         0x000000000800983e        0x2 
 .text.IP_ETH_UpdateMACFilter
                0x0000000008009840      0x224 IP/libIP_d.a(IP_ETH.o)
                0x0000000008009840                IP_ETH_UpdateMACFilter
 .text.IP_ETH_AddInterface
                0x0000000008009a64       0xd0 IP/libIP_d.a(IP_ETH.o)
                0x0000000008009a64                IP_ETH_AddInterface
 .text.IP_AddEtherInterface
                0x0000000008009b34       0x1c IP/libIP_d.a(IP_ETH.o)
                0x0000000008009b34                IP_AddEtherInterface
 .text.IP_ETH_HasHWAddr
                0x0000000008009b50       0x32 IP/libIP_d.a(IP_ETH.o)
                0x0000000008009b50                IP_ETH_HasHWAddr
 *fill*         0x0000000008009b82        0x2 
 .text.IP_ETH_Add2RxFIFO
                0x0000000008009b84       0x60 IP/libIP_d.a(IP_ETH.o)
                0x0000000008009b84                IP_ETH_Add2RxFIFO
 .text.IP_AddEthRxFifoHook
                0x0000000008009be4       0x30 IP/libIP_d.a(IP_ETH.o)
                0x0000000008009be4                IP_AddEthRxFifoHook
 .text._Remove  0x0000000008009c14       0x4c IP/libIP_d.a(IP_FIFO.o)
 .text._TryGetRemove
                0x0000000008009c60       0x22 IP/libIP_d.a(IP_FIFO.o)
 *fill*         0x0000000008009c82        0x2 
 .text.IP_FIFO_Add
                0x0000000008009c84       0x80 IP/libIP_d.a(IP_FIFO.o)
                0x0000000008009c84                IP_FIFO_Add
 .text.IP_FIFO_Add_NoLock
                0x0000000008009d04       0x78 IP/libIP_d.a(IP_FIFO.o)
                0x0000000008009d04                IP_FIFO_Add_NoLock
 .text.IP_FIFO_GetLeave
                0x0000000008009d7c       0x12 IP/libIP_d.a(IP_FIFO.o)
                0x0000000008009d7c                IP_FIFO_GetLeave
 .text.IP_FIFO_TryGetRemove_NoLock
                0x0000000008009d8e       0x18 IP/libIP_d.a(IP_FIFO.o)
                0x0000000008009d8e                IP_FIFO_TryGetRemove_NoLock
 .text.IP_FIFO_TryGetRemove
                0x0000000008009da6       0x2c IP/libIP_d.a(IP_FIFO.o)
                0x0000000008009da6                IP_FIFO_TryGetRemove
 *fill*         0x0000000008009dd2        0x2 
 .text.IP_FIFO_GetRemove_NoLock
                0x0000000008009dd4       0x2c IP/libIP_d.a(IP_FIFO.o)
                0x0000000008009dd4                IP_FIFO_GetRemove_NoLock
 .text._ICMP_OnRx
                0x0000000008009e00      0x220 IP/libIP_d.a(IP_ICMP.o)
 .text.IP_ICMP_SendDestUnreachable
                0x000000000800a020      0x11c IP/libIP_d.a(IP_ICMP.o)
                0x000000000800a020                IP_ICMP_SendDestUnreachable
 .text.IP_ICMP_Add
                0x000000000800a13c       0x2c IP/libIP_d.a(IP_ICMP.o)
                0x000000000800a13c                IP_ICMP_Add
 .text._OnExit  0x000000000800a168       0x58 IP/libIP_d.a(IP_IGMP.o)
 .text._IPAddr2HWAddr
                0x000000000800a1c0       0x64 IP/libIP_d.a(IP_IGMP.o)
 .text._GenHWFilters
                0x000000000800a224       0x94 IP/libIP_d.a(IP_IGMP.o)
 .text._Alloc   0x000000000800a2b8       0x58 IP/libIP_d.a(IP_IGMP.o)
 .text._SendIGMPMessage
                0x000000000800a310       0x84 IP/libIP_d.a(IP_IGMP.o)
 .text._OnRx    0x000000000800a394       0xb4 IP/libIP_d.a(IP_IGMP.o)
 .text._IsInGroup
                0x000000000800a448       0x48 IP/libIP_d.a(IP_IGMP.o)
 .text.IP_IGMP_AddEx_NoLock
                0x000000000800a490       0xd0 IP/libIP_d.a(IP_IGMP.o)
                0x000000000800a490                IP_IGMP_AddEx_NoLock
 .text.IP_IGMP_JoinGroup_NoLock
                0x000000000800a560       0xc0 IP/libIP_d.a(IP_IGMP.o)
                0x000000000800a560                IP_IGMP_JoinGroup_NoLock
 .text.IP_IGMP_JoinGroup
                0x000000000800a620       0x20 IP/libIP_d.a(IP_IGMP.o)
                0x000000000800a620                IP_IGMP_JoinGroup
 .text.IP_IGMP_LeaveGroup_NoLock
                0x000000000800a640       0xb4 IP/libIP_d.a(IP_IGMP.o)
                0x000000000800a640                IP_IGMP_LeaveGroup_NoLock
 .text.IP_IGMP_LeaveGroup
                0x000000000800a6f4       0x20 IP/libIP_d.a(IP_IGMP.o)
                0x000000000800a6f4                IP_IGMP_LeaveGroup
 .text._IsValidPacket
                0x000000000800a714      0x22c IP/libIP_d.a(IP_IP.o)
 .text.IP_IsBroadcast
                0x000000000800a940       0x3a IP/libIP_d.a(IP_IP.o)
                0x000000000800a940                IP_IsBroadcast
 .text.IP_IsMulticastAddr
                0x000000000800a97a       0x1c IP/libIP_d.a(IP_IP.o)
                0x000000000800a97a                IP_IsMulticastAddr
 *fill*         0x000000000800a996        0x2 
 .text.IPv4_Write
                0x000000000800a998      0x318 IP/libIP_d.a(IP_IP.o)
                0x000000000800a998                IPv4_Write
 .text.IP_LAddr2IFace
                0x000000000800acb0       0x44 IP/libIP_d.a(IP_IP.o)
                0x000000000800acb0                IP_LAddr2IFace
 .text.IP_FAddr2IFace
                0x000000000800acf4       0x58 IP/libIP_d.a(IP_IP.o)
                0x000000000800acf4                IP_FAddr2IFace
 .text.IP4_AddOnIPRxHook
                0x000000000800ad4c       0x22 IP/libIP_d.a(IP_IP.o)
                0x000000000800ad4c                IP4_AddOnIPRxHook
 *fill*         0x000000000800ad6e        0x2 
 .text.IPv4_OnRx
                0x000000000800ad70      0x134 IP/libIP_d.a(IP_IP.o)
                0x000000000800ad70                IPv4_OnRx
 .text.IP_SetLogFilter
                0x000000000800aea4       0x1c IP/libIP_d.a(IP_Log.o)
                0x000000000800aea4                IP_SetLogFilter
 .text.IP_SetWarnFilter
                0x000000000800aec0       0x1c IP/libIP_d.a(IP_Log.o)
                0x000000000800aec0                IP_SetWarnFilter
 .text.IP_PrintIPAddr
                0x000000000800aedc       0x3c IP/libIP_d.a(IP_Log.o)
                0x000000000800aedc                IP_PrintIPAddr
 .text.IP_Logf  0x000000000800af18       0x40 IP/libIP_d.a(IP_Log.o)
                0x000000000800af18                IP_Logf
 .text.IP_Logf_Application
                0x000000000800af58       0x3c IP/libIP_d.a(IP_Log.o)
                0x000000000800af58                IP_Logf_Application
 .text.IP_Warnf
                0x000000000800af94       0x40 IP/libIP_d.a(IP_Log.o)
                0x000000000800af94                IP_Warnf
 .text.IP_Warnf_Application
                0x000000000800afd4       0x3c IP/libIP_d.a(IP_Log.o)
                0x000000000800afd4                IP_Warnf_Application
 .text._Get     0x000000000800b010       0x74 IP/libIP_d.a(IP_MBLOCK.o)
 .text.IP_MBLOCK_GetEmpty
                0x000000000800b084       0x50 IP/libIP_d.a(IP_MBLOCK.o)
                0x000000000800b084                IP_MBLOCK_GetEmpty
 .text.IP_MBLOCK_Get
                0x000000000800b0d4       0x32 IP/libIP_d.a(IP_MBLOCK.o)
                0x000000000800b0d4                IP_MBLOCK_Get
 *fill*         0x000000000800b106        0x2 
 .text.IP_MBLOCK_FreeSingle
                0x000000000800b108       0x34 IP/libIP_d.a(IP_MBLOCK.o)
                0x000000000800b108                IP_MBLOCK_FreeSingle
 .text.IP_MBLOCK_Init
                0x000000000800b13c       0x58 IP/libIP_d.a(IP_MBLOCK.o)
                0x000000000800b13c                IP_MBLOCK_Init
 .text._Alloc   0x000000000800b194      0x170 IP/libIP_d.a(IP_MEM.o)
 .text._MergeFree
                0x000000000800b304       0x4e IP/libIP_d.a(IP_MEM.o)
 *fill*         0x000000000800b352        0x2 
 .text._AddToFreeList
                0x000000000800b354       0xb0 IP/libIP_d.a(IP_MEM.o)
 .text._AddToPoolList
                0x000000000800b404       0x60 IP/libIP_d.a(IP_MEM.o)
 .text.IP_MEM_Alloc
                0x000000000800b464       0x28 IP/libIP_d.a(IP_MEM.o)
                0x000000000800b464                IP_MEM_Alloc
 .text.IP_MEM_AllocZeroed
                0x000000000800b48c       0x38 IP/libIP_d.a(IP_MEM.o)
                0x000000000800b48c                IP_MEM_AllocZeroed
 .text.IP_MEM_AllocEx
                0x000000000800b4c4       0x20 IP/libIP_d.a(IP_MEM.o)
                0x000000000800b4c4                IP_MEM_AllocEx
 .text.IP_MEM_Add
                0x000000000800b4e4       0x7c IP/libIP_d.a(IP_MEM.o)
                0x000000000800b4e4                IP_MEM_Add
 .text.IP_MEM_Free
                0x000000000800b560       0x98 IP/libIP_d.a(IP_MEM.o)
                0x000000000800b560                IP_MEM_Free
 .text.IP_MEM_FreePtr
                0x000000000800b5f8       0x30 IP/libIP_d.a(IP_MEM.o)
                0x000000000800b5f8                IP_MEM_FreePtr
 .text.IP_MEM_AllocTransferMemoryPhys
                0x000000000800b628       0xac IP/libIP_d.a(IP_MEM.o)
                0x000000000800b628                IP_MEM_AllocTransferMemoryPhys
 .text.IP_MEM_GetTotalNumBytes
                0x000000000800b6d4        0xc IP/libIP_d.a(IP_MEM.o)
                0x000000000800b6d4                IP_MEM_GetTotalNumBytes
 .text._OnExit  0x000000000800b6e0       0x14 IP/libIP_d.a(IP_PHY.o)
 .text.IP_PHY_GetContext
                0x000000000800b6f4       0x9c IP/libIP_d.a(IP_PHY.o)
                0x000000000800b6f4                IP_PHY_GetContext
 .text.IP_PHY_Init
                0x000000000800b790       0x74 IP/libIP_d.a(IP_PHY.o)
                0x000000000800b790                IP_PHY_Init
 .text.IP_PHY_UpdateMACFilter
                0x000000000800b804       0x4c IP/libIP_d.a(IP_PHY.o)
                0x000000000800b804                IP_PHY_UpdateMACFilter
 .text.IP_PHY_GetNumStaticFilters
                0x000000000800b850       0x8c IP/libIP_d.a(IP_PHY.o)
                0x000000000800b850                IP_PHY_GetNumStaticFilters
 .text.IP_PHY_GetUseStaticFilters
                0x000000000800b8dc       0x54 IP/libIP_d.a(IP_PHY.o)
                0x000000000800b8dc                IP_PHY_GetUseStaticFilters
 .text._OnExit  0x000000000800b930       0x14 IP/libIP_d.a(IP_Packet.o)
 .text._RemoveFromInUseList
                0x000000000800b944       0x5c IP/libIP_d.a(IP_Packet.o)
 .text.IP_PACKET_Alloc_NoLock
                0x000000000800b9a0      0x148 IP/libIP_d.a(IP_Packet.o)
                0x000000000800b9a0                IP_PACKET_Alloc_NoLock
 .text.IP_PACKET_Alloc
                0x000000000800bae8       0x24 IP/libIP_d.a(IP_Packet.o)
                0x000000000800bae8                IP_PACKET_Alloc
 .text.IP_PACKET_Free_NoLock
                0x000000000800bb0c      0x14c IP/libIP_d.a(IP_Packet.o)
                0x000000000800bb0c                IP_PACKET_Free_NoLock
 .text.IP_PACKET_Free
                0x000000000800bc58       0x1c IP/libIP_d.a(IP_Packet.o)
                0x000000000800bc58                IP_PACKET_Free
 .text.IP_PACKET_Init
                0x000000000800bc74      0x1f0 IP/libIP_d.a(IP_Packet.o)
                0x000000000800bc74                IP_PACKET_Init
 .text._Min     0x000000000800be64       0x1a IP/libIP_d.a(IP_Socket.o)
 *fill*         0x000000000800be7e        0x2 
 .text._sosetopt
                0x000000000800be80      0x31c IP/libIP_d.a(IP_Socket.o)
 .text._setsockopt
                0x000000000800c19c       0x68 IP/libIP_d.a(IP_Socket.o)
 .text._socket  0x000000000800c204      0x120 IP/libIP_d.a(IP_Socket.o)
 .text._bind    0x000000000800c324       0x4c IP/libIP_d.a(IP_Socket.o)
 .text._listen  0x000000000800c370       0x68 IP/libIP_d.a(IP_Socket.o)
 .text._sodisconnect
                0x000000000800c3d8       0x48 IP/libIP_d.a(IP_Socket.o)
 .text._accept  0x000000000800c420       0xe4 IP/libIP_d.a(IP_Socket.o)
 .text._Receive
                0x000000000800c504      0x11c IP/libIP_d.a(IP_Socket.o)
 .text._sendto  0x000000000800c620      0x218 IP/libIP_d.a(IP_Socket.o)
 .text._socketclose
                0x000000000800c838      0x1a0 IP/libIP_d.a(IP_Socket.o)
 .text.IP_SOCK_Abort
                0x000000000800c9d8       0x1a IP/libIP_d.a(IP_Socket.o)
                0x000000000800c9d8                IP_SOCK_Abort
 *fill*         0x000000000800c9f2        0x2 
 .text.IP_SOCK_accept
                0x000000000800c9f4       0x38 IP/libIP_d.a(IP_Socket.o)
                0x000000000800c9f4                IP_SOCK_accept
 .text.IP_SOCK_AddProto
                0x000000000800ca2c       0x80 IP/libIP_d.a(IP_Socket.o)
                0x000000000800ca2c                IP_SOCK_AddProto
 .text.IP_SOCK_bind
                0x000000000800caac       0x58 IP/libIP_d.a(IP_Socket.o)
                0x000000000800caac                IP_SOCK_bind
 .text.IP_SOCK_Free
                0x000000000800cb04       0x2e IP/libIP_d.a(IP_Socket.o)
                0x000000000800cb04                IP_SOCK_Free
 .text.IP_SOCK_OnConnEstablished
                0x000000000800cb32       0x4a IP/libIP_d.a(IP_Socket.o)
                0x000000000800cb32                IP_SOCK_OnConnEstablished
 .text.IP_SOCK_IsDisconnecting
                0x000000000800cb7c       0x30 IP/libIP_d.a(IP_Socket.o)
                0x000000000800cb7c                IP_SOCK_IsDisconnecting
 .text.IP_SOCK_listen
                0x000000000800cbac       0x3a IP/libIP_d.a(IP_Socket.o)
                0x000000000800cbac                IP_SOCK_listen
 .text.IP_SOCK_MarkAsDisconnected
                0x000000000800cbe6       0x4a IP/libIP_d.a(IP_Socket.o)
                0x000000000800cbe6                IP_SOCK_MarkAsDisconnected
 .text.IP_SOCK_recv
                0x000000000800cc30       0x34 IP/libIP_d.a(IP_Socket.o)
                0x000000000800cc30                IP_SOCK_recv
 .text.IP_SOCK_send
                0x000000000800cc64       0x2c IP/libIP_d.a(IP_Socket.o)
                0x000000000800cc64                IP_SOCK_send
 .text.IP_SOCK_setsockopt
                0x000000000800cc90       0x30 IP/libIP_d.a(IP_Socket.o)
                0x000000000800cc90                IP_SOCK_setsockopt
 .text.IP_SOCK_SetStateConnecting
                0x000000000800ccc0       0x30 IP/libIP_d.a(IP_Socket.o)
                0x000000000800ccc0                IP_SOCK_SetStateConnecting
 .text.IP_SOCK_Signal
                0x000000000800ccf0       0x60 IP/libIP_d.a(IP_Socket.o)
                0x000000000800ccf0                IP_SOCK_Signal
 .text.IP_SOCK_WaitTimed
                0x000000000800cd50       0x2c IP/libIP_d.a(IP_Socket.o)
                0x000000000800cd50                IP_SOCK_WaitTimed
 .text.IP_SOCK_Wait
                0x000000000800cd7c       0x26 IP/libIP_d.a(IP_Socket.o)
                0x000000000800cd7c                IP_SOCK_Wait
 *fill*         0x000000000800cda2        0x2 
 .text.IP_SOCK_socket